../USB_Device/Target/usbd_conf.c:69:6:HAL_PCD_MspInit	72	static
../USB_Device/Target/usbd_conf.c:99:6:HAL_PCD_MspDeInit	16	static
../USB_Device/Target/usbd_conf.c:126:6:HAL_PCD_SetupStageCallback	16	static
../USB_Device/Target/usbd_conf.c:147:6:HAL_PCD_DataOutStageCallback	24	static
../USB_Device/Target/usbd_conf.c:168:6:HAL_PCD_DataInStageCallback	16	static
../USB_Device/Target/usbd_conf.c:188:6:HAL_PCD_SOFCallback	16	static
../USB_Device/Target/usbd_conf.c:208:6:HAL_PCD_ResetCallback	24	static
../USB_Device/Target/usbd_conf.c:238:6:HAL_PCD_SuspendCallback	16	static
../USB_Device/Target/usbd_conf.c:269:6:HAL_PCD_ResumeCallback	16	static
../USB_Device/Target/usbd_conf.c:301:6:HAL_PCD_ISOOUTIncompleteCallback	16	static
../USB_Device/Target/usbd_conf.c:322:6:HAL_PCD_ISOINIncompleteCallback	16	static
../USB_Device/Target/usbd_conf.c:342:6:HAL_PCD_ConnectCallback	16	static
../USB_Device/Target/usbd_conf.c:362:6:HAL_PCD_DisconnectCallback	16	static
../USB_Device/Target/usbd_conf.c:387:20:USBD_LL_Init	16	static
../USB_Device/Target/usbd_conf.c:450:20:USBD_LL_DeInit	40	static
../USB_Device/Target/usbd_conf.c:467:20:USBD_LL_Start	40	static
../USB_Device/Target/usbd_conf.c:484:20:USBD_LL_Stop	40	static
../USB_Device/Target/usbd_conf.c:504:20:USBD_LL_OpenEP	40	static
../USB_Device/Target/usbd_conf.c:522:20:USBD_LL_CloseEP	40	static
../USB_Device/Target/usbd_conf.c:540:20:USBD_LL_FlushEP	40	static
../USB_Device/Target/usbd_conf.c:558:20:USBD_LL_StallEP	40	static
../USB_Device/Target/usbd_conf.c:576:20:USBD_LL_ClearStallEP	40	static
../USB_Device/Target/usbd_conf.c:594:9:USBD_LL_IsStallEP	24	static
../USB_Device/Target/usbd_conf.c:614:20:USBD_LL_SetUSBAddress	40	static
../USB_Device/Target/usbd_conf.c:634:20:USBD_LL_Transmit	48	static
../USB_Device/Target/usbd_conf.c:654:20:USBD_LL_PrepareReceive	48	static
../USB_Device/Target/usbd_conf.c:672:10:USBD_LL_GetRxDataSize	16	static
../USB_Device/Target/usbd_conf.c:686:6:HAL_PCDEx_LPM_Callback	16	static
../USB_Device/Target/usbd_conf.c:724:7:USBD_static_malloc	16	static
../USB_Device/Target/usbd_conf.c:735:6:USBD_static_free	16	static
../USB_Device/Target/usbd_conf.c:745:6:USBD_LL_Delay	16	static
../USB_Device/Target/usbd_conf.c:756:13:SystemClockConfig_Resume	8	static
../USB_Device/Target/usbd_conf.c:767:20:USBD_Get_USB_Status	24	static
