../Drivers/STM32G0xx_HAL_Driver/Src/stm32g0xx_ll_usb.c:92:19:USB_CoreInit	8	static
../Drivers/STM32G0xx_HAL_Driver/Src/stm32g0xx_ll_usb.c:117:19:USB_EnableGlobalInt	0	static
../Drivers/STM32G0xx_HAL_Driver/Src/stm32g0xx_ll_usb.c:142:19:USB_DisableGlobalInt	0	static
../Drivers/STM32G0xx_HAL_Driver/Src/stm32g0xx_ll_usb.c:166:19:USB_SetCurrentMode	0	static
../Drivers/STM32G0xx_HAL_Driver/Src/stm32g0xx_ll_usb.c:192:19:USB_DevInit	8	static
../Drivers/STM32G0xx_HAL_Driver/Src/stm32g0xx_ll_usb.c:222:19:USB_FlushTxFifo	0	static
../Drivers/STM32G0xx_HAL_Driver/Src/stm32g0xx_ll_usb.c:241:19:USB_FlushRxFifo	0	static
../Drivers/STM32G0xx_HAL_Driver/Src/stm32g0xx_ll_usb.c:262:19:USB_ActivateEndpoint	32	static
../Drivers/STM32G0xx_HAL_Driver/Src/stm32g0xx_ll_usb.c:395:19:USB_DeactivateEndpoint	20	static
../Drivers/STM32G0xx_HAL_Driver/Src/stm32g0xx_ll_usb.c:674:19:USB_EPSetStall	0	static
../Drivers/STM32G0xx_HAL_Driver/Src/stm32g0xx_ll_usb.c:694:19:USB_EPClearStall	0	static
../Drivers/STM32G0xx_HAL_Driver/Src/stm32g0xx_ll_usb.c:726:19:USB_EPStopXfer	8	static
../Drivers/STM32G0xx_HAL_Driver/Src/stm32g0xx_ll_usb.c:771:19:USB_StopDevice	0	static
../Drivers/STM32G0xx_HAL_Driver/Src/stm32g0xx_ll_usb.c:792:20:USB_SetDevAddress	0	static
../Drivers/STM32G0xx_HAL_Driver/Src/stm32g0xx_ll_usb.c:808:20:USB_DevConnect	0	static
../Drivers/STM32G0xx_HAL_Driver/Src/stm32g0xx_ll_usb.c:821:20:USB_DevDisconnect	0	static
../Drivers/STM32G0xx_HAL_Driver/Src/stm32g0xx_ll_usb.c:834:10:USB_ReadInterrupts	0	static
../Drivers/STM32G0xx_HAL_Driver/Src/stm32g0xx_ll_usb.c:847:19:USB_ActivateRemoteWakeup	0	static
../Drivers/STM32G0xx_HAL_Driver/Src/stm32g0xx_ll_usb.c:859:19:USB_DeActivateRemoteWakeup	0	static
../Drivers/STM32G0xx_HAL_Driver/Src/stm32g0xx_ll_usb.c:874:6:USB_WritePMA	32	static
../Drivers/STM32G0xx_HAL_Driver/Src/stm32g0xx_ll_usb.c:454:19:USB_EPStartXfer	40	static
../Drivers/STM32G0xx_HAL_Driver/Src/stm32g0xx_ll_usb.c:931:6:USB_ReadPMA	32	static
../Drivers/STM32G0xx_HAL_Driver/Src/stm32g0xx_ll_usb.c:991:19:USB_HostInit	8	static
../Drivers/STM32G0xx_HAL_Driver/Src/stm32g0xx_ll_usb.c:1025:19:USB_ResetPort	16	static
../Drivers/STM32G0xx_HAL_Driver/Src/stm32g0xx_ll_usb.c:1045:10:USB_GetHostSpeed	0	static
../Drivers/STM32G0xx_HAL_Driver/Src/stm32g0xx_ll_usb.c:1062:10:USB_GetCurrentFrame	0	static
../Drivers/STM32G0xx_HAL_Driver/Src/stm32g0xx_ll_usb.c:1074:19:USB_HC_DoubleBuffer	0	static
../Drivers/STM32G0xx_HAL_Driver/Src/stm32g0xx_ll_usb.c:1117:19:USB_HC_Init	32	static
../Drivers/STM32G0xx_HAL_Driver/Src/stm32g0xx_ll_usb.c:1178:19:USB_HC_StartXfer	40	static
../Drivers/STM32G0xx_HAL_Driver/Src/stm32g0xx_ll_usb.c:1392:19:USB_HC_IN_Halt	0	static
../Drivers/STM32G0xx_HAL_Driver/Src/stm32g0xx_ll_usb.c:1408:19:USB_HC_OUT_Halt	0	static
../Drivers/STM32G0xx_HAL_Driver/Src/stm32g0xx_ll_usb.c:1421:19:USB_StopHost	0	static
