Archive member included to satisfy reference by file (symbol)

C:/ST/STM32CubeIDE_1.14.0/STM32CubeIDE/plugins/com.st.stm32cube.ide.mcu.externaltools.gnu-tools-for-stm32.11.3.rel1.win32_1.1.100.202309141235/tools/bin/../lib/gcc/arm-none-eabi/11.3.1/../../../../arm-none-eabi/lib/thumb/v6-m/nofp\libc_nano.a(libc_a-exit.o)
                              C:/ST/STM32CubeIDE_1.14.0/STM32CubeIDE/plugins/com.st.stm32cube.ide.mcu.externaltools.gnu-tools-for-stm32.11.3.rel1.win32_1.1.100.202309141235/tools/bin/../lib/gcc/arm-none-eabi/11.3.1/../../../../arm-none-eabi/lib/thumb/v6-m/nofp/crt0.o (exit)
C:/ST/STM32CubeIDE_1.14.0/STM32CubeIDE/plugins/com.st.stm32cube.ide.mcu.externaltools.gnu-tools-for-stm32.11.3.rel1.win32_1.1.100.202309141235/tools/bin/../lib/gcc/arm-none-eabi/11.3.1/../../../../arm-none-eabi/lib/thumb/v6-m/nofp\libc_nano.a(libc_a-findfp.o)
                              C:/ST/STM32CubeIDE_1.14.0/STM32CubeIDE/plugins/com.st.stm32cube.ide.mcu.externaltools.gnu-tools-for-stm32.11.3.rel1.win32_1.1.100.202309141235/tools/bin/../lib/gcc/arm-none-eabi/11.3.1/../../../../arm-none-eabi/lib/thumb/v6-m/nofp\libc_nano.a(libc_a-exit.o) (__stdio_exit_handler)
C:/ST/STM32CubeIDE_1.14.0/STM32CubeIDE/plugins/com.st.stm32cube.ide.mcu.externaltools.gnu-tools-for-stm32.11.3.rel1.win32_1.1.100.202309141235/tools/bin/../lib/gcc/arm-none-eabi/11.3.1/../../../../arm-none-eabi/lib/thumb/v6-m/nofp\libc_nano.a(libc_a-fwalk.o)
                              C:/ST/STM32CubeIDE_1.14.0/STM32CubeIDE/plugins/com.st.stm32cube.ide.mcu.externaltools.gnu-tools-for-stm32.11.3.rel1.win32_1.1.100.202309141235/tools/bin/../lib/gcc/arm-none-eabi/11.3.1/../../../../arm-none-eabi/lib/thumb/v6-m/nofp\libc_nano.a(libc_a-findfp.o) (_fwalk_sglue)
C:/ST/STM32CubeIDE_1.14.0/STM32CubeIDE/plugins/com.st.stm32cube.ide.mcu.externaltools.gnu-tools-for-stm32.11.3.rel1.win32_1.1.100.202309141235/tools/bin/../lib/gcc/arm-none-eabi/11.3.1/../../../../arm-none-eabi/lib/thumb/v6-m/nofp\libc_nano.a(libc_a-snprintf.o)
                              ./ioLibrary/Internet/MQTT/MQTTPacket/src/MQTTFormat.o (snprintf)
C:/ST/STM32CubeIDE_1.14.0/STM32CubeIDE/plugins/com.st.stm32cube.ide.mcu.externaltools.gnu-tools-for-stm32.11.3.rel1.win32_1.1.100.202309141235/tools/bin/../lib/gcc/arm-none-eabi/11.3.1/../../../../arm-none-eabi/lib/thumb/v6-m/nofp\libc_nano.a(libc_a-stdio.o)
                              C:/ST/STM32CubeIDE_1.14.0/STM32CubeIDE/plugins/com.st.stm32cube.ide.mcu.externaltools.gnu-tools-for-stm32.11.3.rel1.win32_1.1.100.202309141235/tools/bin/../lib/gcc/arm-none-eabi/11.3.1/../../../../arm-none-eabi/lib/thumb/v6-m/nofp\libc_nano.a(libc_a-findfp.o) (__sread)
C:/ST/STM32CubeIDE_1.14.0/STM32CubeIDE/plugins/com.st.stm32cube.ide.mcu.externaltools.gnu-tools-for-stm32.11.3.rel1.win32_1.1.100.202309141235/tools/bin/../lib/gcc/arm-none-eabi/11.3.1/../../../../arm-none-eabi/lib/thumb/v6-m/nofp\libc_nano.a(libc_a-memcmp.o)
                              ./ioLibrary/Internet/MQTT/MQTTPacket/src/MQTTConnectServer.o (memcmp)
C:/ST/STM32CubeIDE_1.14.0/STM32CubeIDE/plugins/com.st.stm32cube.ide.mcu.externaltools.gnu-tools-for-stm32.11.3.rel1.win32_1.1.100.202309141235/tools/bin/../lib/gcc/arm-none-eabi/11.3.1/../../../../arm-none-eabi/lib/thumb/v6-m/nofp\libc_nano.a(libc_a-memset.o)
                              C:/ST/STM32CubeIDE_1.14.0/STM32CubeIDE/plugins/com.st.stm32cube.ide.mcu.externaltools.gnu-tools-for-stm32.11.3.rel1.win32_1.1.100.202309141235/tools/bin/../lib/gcc/arm-none-eabi/11.3.1/../../../../arm-none-eabi/lib/thumb/v6-m/nofp/crt0.o (memset)
C:/ST/STM32CubeIDE_1.14.0/STM32CubeIDE/plugins/com.st.stm32cube.ide.mcu.externaltools.gnu-tools-for-stm32.11.3.rel1.win32_1.1.100.202309141235/tools/bin/../lib/gcc/arm-none-eabi/11.3.1/../../../../arm-none-eabi/lib/thumb/v6-m/nofp\libc_nano.a(libc_a-strncmp.o)
                              ./ioLibrary/Internet/MQTT/MQTTPacket/src/MQTTPacket.o (strncmp)
C:/ST/STM32CubeIDE_1.14.0/STM32CubeIDE/plugins/com.st.stm32cube.ide.mcu.externaltools.gnu-tools-for-stm32.11.3.rel1.win32_1.1.100.202309141235/tools/bin/../lib/gcc/arm-none-eabi/11.3.1/../../../../arm-none-eabi/lib/thumb/v6-m/nofp\libc_nano.a(libc_a-closer.o)
                              C:/ST/STM32CubeIDE_1.14.0/STM32CubeIDE/plugins/com.st.stm32cube.ide.mcu.externaltools.gnu-tools-for-stm32.11.3.rel1.win32_1.1.100.202309141235/tools/bin/../lib/gcc/arm-none-eabi/11.3.1/../../../../arm-none-eabi/lib/thumb/v6-m/nofp\libc_nano.a(libc_a-stdio.o) (_close_r)
C:/ST/STM32CubeIDE_1.14.0/STM32CubeIDE/plugins/com.st.stm32cube.ide.mcu.externaltools.gnu-tools-for-stm32.11.3.rel1.win32_1.1.100.202309141235/tools/bin/../lib/gcc/arm-none-eabi/11.3.1/../../../../arm-none-eabi/lib/thumb/v6-m/nofp\libc_nano.a(libc_a-reent.o)
[...]
Memory Configuration

Name             Origin             Length             Attributes
RAM              0x0000000020000000 0x0000000000024000 xrw
FLASH            0x0000000008000000 0x0000000000080000 xr
*default*        0x0000000000000000 0xffffffffffffffff

Linker script and memory map

LOAD C:/ST/STM32CubeIDE_1.14.0/STM32CubeIDE/plugins/com.st.stm32cube.ide.mcu.externaltools.gnu-tools-for-stm32.11.3.rel1.win32_1.1.100.202309141235/tools/bin/../lib/gcc/arm-none-eabi/11.3.1/thumb/v6-m/nofp/crti.o
LOAD C:/ST/STM32CubeIDE_1.14.0/STM32CubeIDE/plugins/com.st.stm32cube.ide.mcu.externaltools.gnu-tools-for-stm32.11.3.rel1.win32_1.1.100.202309141235/tools/bin/../lib/gcc/arm-none-eabi/11.3.1/thumb/v6-m/nofp/crtbegin.o
LOAD C:/ST/STM32CubeIDE_1.14.0/STM32CubeIDE/plugins/com.st.stm32cube.ide.mcu.externaltools.gnu-tools-for-stm32.11.3.rel1.win32_1.1.100.202309141235/tools/bin/../lib/gcc/arm-none-eabi/11.3.1/../../../../arm-none-eabi/lib/thumb/v6-m/nofp/crt0.o
LOAD ./Core/Src/main.o
LOAD ./Core/Src/stm32g0xx_hal_msp.o
LOAD ./Core/Src/stm32g0xx_it.o
LOAD ./Core/Src/syscalls.o
LOAD ./Core/Src/sysmem.o
LOAD ./Core/Src/system_stm32g0xx.o
LOAD ./Core/Startup/startup_stm32g0b0retx.o
LOAD ./Drivers/STM32G0xx_HAL_Driver/Src/stm32g0xx_hal.o
LOAD ./Drivers/STM32G0xx_HAL_Driver/Src/stm32g0xx_hal_cortex.o
LOAD ./Drivers/STM32G0xx_HAL_Driver/Src/stm32g0xx_hal_dma.o
LOAD ./Drivers/STM32G0xx_HAL_Driver/Src/stm32g0xx_hal_dma_ex.o
LOAD ./Drivers/STM32G0xx_HAL_Driver/Src/stm32g0xx_hal_exti.o
LOAD ./Drivers/STM32G0xx_HAL_Driver/Src/stm32g0xx_hal_flash.o
LOAD ./Drivers/STM32G0xx_HAL_Driver/Src/stm32g0xx_hal_flash_ex.o
LOAD ./Drivers/STM32G0xx_HAL_Driver/Src/stm32g0xx_hal_gpio.o
LOAD ./Drivers/STM32G0xx_HAL_Driver/Src/stm32g0xx_hal_pcd.o
LOAD ./Drivers/STM32G0xx_HAL_Driver/Src/stm32g0xx_hal_pcd_ex.o
LOAD ./Drivers/STM32G0xx_HAL_Driver/Src/stm32g0xx_hal_pwr.o
LOAD ./Drivers/STM32G0xx_HAL_Driver/Src/stm32g0xx_hal_pwr_ex.o
LOAD ./Drivers/STM32G0xx_HAL_Driver/Src/stm32g0xx_hal_rcc.o
LOAD ./Drivers/STM32G0xx_HAL_Driver/Src/stm32g0xx_hal_rcc_ex.o
LOAD ./Drivers/STM32G0xx_HAL_Driver/Src/stm32g0xx_hal_spi.o
LOAD ./Drivers/STM32G0xx_HAL_Driver/Src/stm32g0xx_hal_spi_ex.o
LOAD ./Drivers/STM32G0xx_HAL_Driver/Src/stm32g0xx_hal_tim.o
LOAD ./Drivers/STM32G0xx_HAL_Driver/Src/stm32g0xx_hal_tim_ex.o
LOAD ./Drivers/STM32G0xx_HAL_Driver/Src/stm32g0xx_hal_uart.o
LOAD ./Drivers/STM32G0xx_HAL_Driver/Src/stm32g0xx_hal_uart_ex.o
LOAD ./Drivers/STM32G0xx_HAL_Driver/Src/stm32g0xx_ll_dma.o
LOAD ./Drivers/STM32G0xx_HAL_Driver/Src/stm32g0xx_ll_rcc.o
LOAD ./Drivers/STM32G0xx_HAL_Driver/Src/stm32g0xx_ll_usb.o
LOAD ./Middlewares/ST/STM32_USB_Device_Library/Class/CDC/Src/usbd_cdc.o
LOAD ./Middlewares/ST/STM32_USB_Device_Library/Core/Src/usbd_core.o
LOAD ./Middlewares/ST/STM32_USB_Device_Library/Core/Src/usbd_ctlreq.o
LOAD ./Middlewares/ST/STM32_USB_Device_Library/Core/Src/usbd_ioreq.o
LOAD ./USB_Device/App/usb_device.o
LOAD ./USB_Device/App/usbd_cdc_if.o
LOAD ./USB_Device/App/usbd_desc.o
LOAD ./USB_Device/Target/usbd_conf.o
LOAD ./ioLibrary/Ethernet/W5100/w5100.o
LOAD ./ioLibrary/Ethernet/W5100S/w5100s.o
LOAD ./ioLibrary/Ethernet/W5200/w5200.o
LOAD ./ioLibrary/Ethernet/W5300/w5300.o
LOAD ./ioLibrary/Ethernet/W5500/w5500.o
LOAD ./ioLibrary/Ethernet/socket.o
LOAD ./ioLibrary/Ethernet/wizchip_conf.o
LOAD ./ioLibrary/Internet/MQTT/MQTTClient.o
LOAD ./ioLibrary/Internet/MQTT/mqtt_interface.o
LOAD ./ioLibrary/Internet/MQTT/MQTTPacket/src/MQTTConnectClient.o
LOAD ./ioLibrary/Internet/MQTT/MQTTPacket/src/MQTTConnectServer.o
LOAD ./ioLibrary/Internet/MQTT/MQTTPacket/src/MQTTDeserializePublish.o
LOAD ./ioLibrary/Internet/MQTT/MQTTPacket/src/MQTTFormat.o
LOAD ./ioLibrary/Internet/MQTT/MQTTPacket/src/MQTTPacket.o
LOAD ./ioLibrary/Internet/MQTT/MQTTPacket/src/MQTTSerializePublish.o
LOAD ./ioLibrary/Internet/MQTT/MQTTPacket/src/MQTTSubscribeClient.o
LOAD ./ioLibrary/Internet/MQTT/MQTTPacket/src/MQTTSubscribeServer.o
LOAD ./ioLibrary/Internet/MQTT/MQTTPacket/src/MQTTUnsubscribeClient.o
LOAD ./ioLibrary/Internet/MQTT/MQTTPacket/src/MQTTUnsubscribeServer.o
START GROUP
LOAD C:/ST/STM32CubeIDE_1.14.0/STM32CubeIDE/plugins/com.st.stm32cube.ide.mcu.externaltools.gnu-tools-for-stm32.11.3.rel1.win32_1.1.100.202309141235/tools/bin/../lib/gcc/arm-none-eabi/11.3.1/../../../../arm-none-eabi/lib/thumb/v6-m/nofp\libc_nano.a
LOAD C:/ST/STM32CubeIDE_1.14.0/STM32CubeIDE/plugins/com.st.stm32cube.ide.mcu.externaltools.gnu-tools-for-stm32.11.3.rel1.win32_1.1.100.202309141235/tools/bin/../lib/gcc/arm-none-eabi/11.3.1/../../../../arm-none-eabi/lib/thumb/v6-m/nofp\libm.a
END GROUP
START GROUP
LOAD C:/ST/STM32CubeIDE_1.14.0/STM32CubeIDE/plugins/com.st.stm32cube.ide.mcu.externaltools.gnu-tools-for-stm32.11.3.rel1.win32_1.1.100.202309141235/tools/bin/../lib/gcc/arm-none-eabi/11.3.1/thumb/v6-m/nofp\libgcc.a
LOAD C:/ST/STM32CubeIDE_1.14.0/STM32CubeIDE/plugins/com.st.stm32cube.ide.mcu.externaltools.gnu-tools-for-stm32.11.3.rel1.win32_1.1.100.202309141235/tools/bin/../lib/gcc/arm-none-eabi/11.3.1/../../../../arm-none-eabi/lib/thumb/v6-m/nofp\libc_nano.a
END GROUP
START GROUP
LOAD C:/ST/STM32CubeIDE_1.14.0/STM32CubeIDE/plugins/com.st.stm32cube.ide.mcu.externaltools.gnu-tools-for-stm32.11.3.rel1.win32_1.1.100.202309141235/tools/bin/../lib/gcc/arm-none-eabi/11.3.1/thumb/v6-m/nofp\libgcc.a
LOAD C:/ST/STM32CubeIDE_1.14.0/STM32CubeIDE/plugins/com.st.stm32cube.ide.mcu.externaltools.gnu-tools-for-stm32.11.3.rel1.win32_1.1.100.202309141235/tools/bin/../lib/gcc/arm-none-eabi/11.3.1/../../../../arm-none-eabi/lib/thumb/v6-m/nofp\libc_nano.a
LOAD C:/ST/STM32CubeIDE_1.14.0/STM32CubeIDE/plugins/com.st.stm32cube.ide.mcu.externaltools.gnu-tools-for-stm32.11.3.rel1.win32_1.1.100.202309141235/tools/bin/../lib/gcc/arm-none-eabi/11.3.1/../../../../arm-none-eabi/lib/thumb/v6-m/nofp\libnosys.a
END GROUP
START GROUP
LOAD C:/ST/STM32CubeIDE_1.14.0/STM32CubeIDE/plugins/com.st.stm32cube.ide.mcu.externaltools.gnu-tools-for-stm32.11.3.rel1.win32_1.1.100.202309141235/tools/bin/../lib/gcc/arm-none-eabi/11.3.1/thumb/v6-m/nofp\libgcc.a
LOAD C:/ST/STM32CubeIDE_1.14.0/STM32CubeIDE/plugins/com.st.stm32cube.ide.mcu.externaltools.gnu-tools-for-stm32.11.3.rel1.win32_1.1.100.202309141235/tools/bin/../lib/gcc/arm-none-eabi/11.3.1/../../../../arm-none-eabi/lib/thumb/v6-m/nofp\libc_nano.a
LOAD C:/ST/STM32CubeIDE_1.14.0/STM32CubeIDE/plugins/com.st.stm32cube.ide.mcu.externaltools.gnu-tools-for-stm32.11.3.rel1.win32_1.1.100.202309141235/tools/bin/../lib/gcc/arm-none-eabi/11.3.1/../../../../arm-none-eabi/lib/thumb/v6-m/nofp\libnosys.a
END GROUP
LOAD C:/ST/STM32CubeIDE_1.14.0/STM32CubeIDE/plugins/com.st.stm32cube.ide.mcu.externaltools.gnu-tools-for-stm32.11.3.rel1.win32_1.1.100.202309141235/tools/bin/../lib/gcc/arm-none-eabi/11.3.1/thumb/v6-m/nofp/crtend.o
LOAD C:/ST/STM32CubeIDE_1.14.0/STM32CubeIDE/plugins/com.st.stm32cube.ide.mcu.externaltools.gnu-tools-for-stm32.11.3.rel1.win32_1.1.100.202309141235/tools/bin/../lib/gcc/arm-none-eabi/11.3.1/thumb/v6-m/nofp/crtn.o
                0x0000000020024000                _estack = (ORIGIN (RAM) + LENGTH (RAM))
                0x0000000000000200                _Min_Heap_Size = 0x200
                0x0000000000000400                _Min_Stack_Size = 0x400

.isr_vector     0x0000000008000000       0xb8
                0x0000000008000000                . = ALIGN (0x4)
 *(.isr_vector)
 .isr_vector    0x0000000008000000       0xb8 ./Core/Startup/startup_stm32g0b0retx.o
                0x0000000008000000                g_pfnVectors
                0x00000000080000b8                . = ALIGN (0x4)

.text           0x00000000080000b8     0xa988
                0x00000000080000b8                . = ALIGN (0x4)
 *(.text)
 .text          0x00000000080000b8       0x48 C:/ST/STM32CubeIDE_1.14.0/STM32CubeIDE/plugins/com.st.stm32cube.ide.mcu.externaltools.gnu-tools-for-stm32.11.3.rel1.win32_1.1.100.202309141235/tools/bin/../lib/gcc/arm-none-eabi/11.3.1/thumb/v6-m/nofp/crtbegin.o
 .text          0x0000000008000100        0xe C:/ST/STM32CubeIDE_1.14.0/STM32CubeIDE/plugins/com.st.stm32cube.ide.mcu.externaltools.gnu-tools-for-stm32.11.3.rel1.win32_1.1.100.202309141235/tools/bin/../lib/gcc/arm-none-eabi/11.3.1/../../../../arm-none-eabi/lib/thumb/v6-m/nofp\libc_nano.a(libc_a-strlen.o)
                0x0000000008000100                strlen
 *fill*         0x000000000800010e        0x2 
 .text          0x0000000008000110      0x114 C:/ST/STM32CubeIDE_1.14.0/STM32CubeIDE/plugins/com.st.stm32cube.ide.mcu.externaltools.gnu-tools-for-stm32.11.3.rel1.win32_1.1.100.202309141235/tools/bin/../lib/gcc/arm-none-eabi/11.3.1/thumb/v6-m/nofp\libgcc.a(_udivsi3.o)
                0x0000000008000110                __aeabi_uidiv
                0x0000000008000110                __udivsi3
                0x000000000800021c                __aeabi_uidivmod
 .text          0x0000000008000224      0x1d4 C:/ST/STM32CubeIDE_1.14.0/STM32CubeIDE/plugins/com.st.stm32cube.ide.mcu.externaltools.gnu-tools-for-stm32.11.3.rel1.win32_1.1.100.202309141235/tools/bin/../lib/gcc/arm-none-eabi/11.3.1/thumb/v6-m/nofp\libgcc.a(_divsi3.o)
                0x0000000008000224                __divsi3
                0x0000000008000224                __aeabi_idiv
                0x00000000080003f0                __aeabi_idivmod
 .text          0x00000000080003f8        0x4 C:/ST/STM32CubeIDE_1.14.0/STM32CubeIDE/plugins/com.st.stm32cube.ide.mcu.externaltools.gnu-tools-for-stm32.11.3.rel1.win32_1.1.100.202309141235/tools/bin/../lib/gcc/arm-none-eabi/11.3.1/thumb/v6-m/nofp\libgcc.a(_dvmd_tls.o)
                0x00000000080003f8                __aeabi_idiv0
                0x00000000080003f8                __aeabi_ldiv0
 *(.text*)
 .text.main     0x00000000080003fc       0x68 ./Core/Src/main.o
                0x00000000080003fc                main
 .text.SystemClock_Config
                0x0000000008000464       0xb0 ./Core/Src/main.o
                0x0000000008000464                SystemClock_Config
 .text.MX_SPI1_Init
                0x0000000008000514       0x7c ./Core/Src/main.o
 .text.MX_TIM1_Init
                0x0000000008000590      0x194 ./Core/Src/main.o
 .text.MX_USART1_UART_Init
                0x0000000008000724       0x9c ./Core/Src/main.o
 .text.MX_DMA_Init
                0x00000000080007c0       0x4c ./Core/Src/main.o
 .text.MX_GPIO_Init
                0x000000000800080c      0x134 ./Core/Src/main.o
 .text.Error_Handler
                0x0000000008000940        0xa ./Core/Src/main.o
                0x0000000008000940                Error_Handler
 *fill*         0x000000000800094a        0x2 
 .text.HAL_MspInit
                0x000000000800094c       0x50 ./Core/Src/stm32g0xx_hal_msp.o
                0x000000000800094c                HAL_MspInit
 .text.HAL_SPI_MspInit
                0x000000000800099c      0x150 ./Core/Src/stm32g0xx_hal_msp.o
                0x000000000800099c                HAL_SPI_MspInit
 .text.HAL_TIM_Base_MspInit
                0x0000000008000aec       0x9c ./Core/Src/stm32g0xx_hal_msp.o
                0x0000000008000aec                HAL_TIM_Base_MspInit
 .text.HAL_TIM_MspPostInit
                0x0000000008000b88       0x7c ./Core/Src/stm32g0xx_hal_msp.o
                0x0000000008000b88                HAL_TIM_MspPostInit
 .text.HAL_UART_MspInit
                0x0000000008000c04       0xc4 ./Core/Src/stm32g0xx_hal_msp.o
                0x0000000008000c04                HAL_UART_MspInit
 .text.NMI_Handler
                0x0000000008000cc8        0x6 ./Core/Src/stm32g0xx_it.o
                0x0000000008000cc8                NMI_Handler
 .text.HardFault_Handler
                0x0000000008000cce        0x6 ./Core/Src/stm32g0xx_it.o
                0x0000000008000cce                HardFault_Handler
 .text.SVC_Handler
                0x0000000008000cd4        0xa ./Core/Src/stm32g0xx_it.o
                0x0000000008000cd4                SVC_Handler
 .text.PendSV_Handler
                0x0000000008000cde        0xa ./Core/Src/stm32g0xx_it.o
                0x0000000008000cde                PendSV_Handler
 .text.SysTick_Handler
                0x0000000008000ce8        0xe ./Core/Src/stm32g0xx_it.o
                0x0000000008000ce8                SysTick_Handler
 .text.EXTI2_3_IRQHandler
                0x0000000008000cf6       0x10 ./Core/Src/stm32g0xx_it.o
                0x0000000008000cf6                EXTI2_3_IRQHandler
 *fill*         0x0000000008000d06        0x2 
 .text.USB_IRQHandler
                0x0000000008000d08       0x18 ./Core/Src/stm32g0xx_it.o
                0x0000000008000d08                USB_IRQHandler
 .text.DMA1_Channel1_IRQHandler
                0x0000000008000d20       0x18 ./Core/Src/stm32g0xx_it.o
                0x0000000008000d20                DMA1_Channel1_IRQHandler
 .text.DMA1_Channel2_3_IRQHandler
                0x0000000008000d38       0x24 ./Core/Src/stm32g0xx_it.o
                0x0000000008000d38                DMA1_Channel2_3_IRQHandler
 .text.SystemInit
                0x0000000008000d5c        0xa ./Core/Src/system_stm32g0xx.o
                0x0000000008000d5c                SystemInit
 *fill*         0x0000000008000d66        0x2 
 .text.Reset_Handler
                0x0000000008000d68       0x50 ./Core/Startup/startup_stm32g0b0retx.o
                0x0000000008000d68                Reset_Handler
 .text.Default_Handler
                0x0000000008000db8        0x2 ./Core/Startup/startup_stm32g0b0retx.o
                0x0000000008000db8                I2C2_3_IRQHandler
                0x0000000008000db8                TIM1_CC_IRQHandler
                0x0000000008000db8                TIM6_IRQHandler
                0x0000000008000db8                I2C1_IRQHandler
                0x0000000008000db8                DMA1_Ch4_7_DMA2_Ch1_5_DMAMUX1_OVR_IRQHandler
                0x0000000008000db8                RTC_TAMP_IRQHandler
                0x0000000008000db8                SPI1_IRQHandler
                0x0000000008000db8                ADC1_IRQHandler
                0x0000000008000db8                TIM17_IRQHandler
                0x0000000008000db8                TIM16_IRQHandler
                0x0000000008000db8                EXTI4_15_IRQHandler
                0x0000000008000db8                RCC_IRQHandler
                0x0000000008000db8                Default_Handler
                0x0000000008000db8                TIM14_IRQHandler
                0x0000000008000db8                TIM7_IRQHandler
                0x0000000008000db8                TIM15_IRQHandler
                0x0000000008000db8                TIM3_TIM4_IRQHandler
                0x0000000008000db8                EXTI0_1_IRQHandler
                0x0000000008000db8                SPI2_3_IRQHandler
                0x0000000008000db8                WWDG_IRQHandler
                0x0000000008000db8                USART2_IRQHandler
                0x0000000008000db8                FLASH_IRQHandler
                0x0000000008000db8                USART1_IRQHandler
                0x0000000008000db8                TIM1_BRK_UP_TRG_COM_IRQHandler
                0x0000000008000db8                USART3_4_5_6_IRQHandler
 *fill*         0x0000000008000dba        0x2 
 .text.HAL_Init
                0x0000000008000dbc       0x40 ./Drivers/STM32G0xx_HAL_Driver/Src/stm32g0xx_hal.o
                0x0000000008000dbc                HAL_Init
 .text.HAL_InitTick
                0x0000000008000dfc       0x94 ./Drivers/STM32G0xx_HAL_Driver/Src/stm32g0xx_hal.o
                0x0000000008000dfc                HAL_InitTick
 .text.HAL_IncTick
                0x0000000008000e90       0x24 ./Drivers/STM32G0xx_HAL_Driver/Src/stm32g0xx_hal.o
                0x0000000008000e90                HAL_IncTick
 .text.HAL_GetTick
                0x0000000008000eb4       0x14 ./Drivers/STM32G0xx_HAL_Driver/Src/stm32g0xx_hal.o
                0x0000000008000eb4                HAL_GetTick
 .text.HAL_Delay
                0x0000000008000ec8       0x48 ./Drivers/STM32G0xx_HAL_Driver/Src/stm32g0xx_hal.o
                0x0000000008000ec8                HAL_Delay
 .text.HAL_SYSCFG_StrobeDBattpinsConfig
                0x0000000008000f10       0x2c ./Drivers/STM32G0xx_HAL_Driver/Src/stm32g0xx_hal.o
                0x0000000008000f10                HAL_SYSCFG_StrobeDBattpinsConfig
 .text.__NVIC_EnableIRQ
                0x0000000008000f3c       0x34 ./Drivers/STM32G0xx_HAL_Driver/Src/stm32g0xx_hal_cortex.o
 .text.__NVIC_SetPriority
                0x0000000008000f70       0xdc ./Drivers/STM32G0xx_HAL_Driver/Src/stm32g0xx_hal_cortex.o
 .text.SysTick_Config
                0x000000000800104c       0x48 ./Drivers/STM32G0xx_HAL_Driver/Src/stm32g0xx_hal_cortex.o
 .text.HAL_NVIC_SetPriority
                0x0000000008001094       0x2a ./Drivers/STM32G0xx_HAL_Driver/Src/stm32g0xx_hal_cortex.o
                0x0000000008001094                HAL_NVIC_SetPriority
 .text.HAL_NVIC_EnableIRQ
                0x00000000080010be       0x20 ./Drivers/STM32G0xx_HAL_Driver/Src/stm32g0xx_hal_cortex.o
                0x00000000080010be                HAL_NVIC_EnableIRQ
 .text.HAL_SYSTICK_Config
                0x00000000080010de       0x1a ./Drivers/STM32G0xx_HAL_Driver/Src/stm32g0xx_hal_cortex.o
                0x00000000080010de                HAL_SYSTICK_Config
 .text.HAL_DMA_Init
                0x00000000080010f8      0x158 ./Drivers/STM32G0xx_HAL_Driver/Src/stm32g0xx_hal_dma.o
                0x00000000080010f8                HAL_DMA_Init
 .text.HAL_DMA_IRQHandler
                0x0000000008001250      0x188 ./Drivers/STM32G0xx_HAL_Driver/Src/stm32g0xx_hal_dma.o
                0x0000000008001250                HAL_DMA_IRQHandler
 .text.DMA_CalcDMAMUXChannelBaseAndMask
                0x00000000080013d8       0x94 ./Drivers/STM32G0xx_HAL_Driver/Src/stm32g0xx_hal_dma.o
 .text.DMA_CalcDMAMUXRequestGenBaseAndMask
                0x000000000800146c       0x48 ./Drivers/STM32G0xx_HAL_Driver/Src/stm32g0xx_hal_dma.o
 .text.HAL_GPIO_Init
                0x00000000080014b4      0x2d8 ./Drivers/STM32G0xx_HAL_Driver/Src/stm32g0xx_hal_gpio.o
                0x00000000080014b4                HAL_GPIO_Init
 .text.HAL_GPIO_WritePin
                0x000000000800178c       0x3a ./Drivers/STM32G0xx_HAL_Driver/Src/stm32g0xx_hal_gpio.o
                0x000000000800178c                HAL_GPIO_WritePin
 .text.HAL_GPIO_TogglePin
                0x00000000080017c6       0x36 ./Drivers/STM32G0xx_HAL_Driver/Src/stm32g0xx_hal_gpio.o
                0x00000000080017c6                HAL_GPIO_TogglePin
 .text.HAL_GPIO_EXTI_IRQHandler
                0x00000000080017fc       0x54 ./Drivers/STM32G0xx_HAL_Driver/Src/stm32g0xx_hal_gpio.o
                0x00000000080017fc                HAL_GPIO_EXTI_IRQHandler
 .text.HAL_GPIO_EXTI_Rising_Callback
                0x0000000008001850       0x14 ./Drivers/STM32G0xx_HAL_Driver/Src/stm32g0xx_hal_gpio.o
                0x0000000008001850                HAL_GPIO_EXTI_Rising_Callback
 .text.HAL_GPIO_EXTI_Falling_Callback
                0x0000000008001864       0x14 ./Drivers/STM32G0xx_HAL_Driver/Src/stm32g0xx_hal_gpio.o
                0x0000000008001864                HAL_GPIO_EXTI_Falling_Callback
 .text.PCD_GET_EP_RX_CNT
                0x0000000008001878       0x44 ./Drivers/STM32G0xx_HAL_Driver/Src/stm32g0xx_hal_pcd.o
 .text.PCD_GET_EP_DBUF0_CNT
                0x00000000080018bc       0x44 ./Drivers/STM32G0xx_HAL_Driver/Src/stm32g0xx_hal_pcd.o
 .text.PCD_GET_EP_DBUF1_CNT
                0x0000000008001900       0x44 ./Drivers/STM32G0xx_HAL_Driver/Src/stm32g0xx_hal_pcd.o
 .text.HAL_PCD_Init
                0x0000000008001944      0x1f4 ./Drivers/STM32G0xx_HAL_Driver/Src/stm32g0xx_hal_pcd.o
                0x0000000008001944                HAL_PCD_Init
 .text.HAL_PCD_Start
                0x0000000008001b38       0x4a ./Drivers/STM32G0xx_HAL_Driver/Src/stm32g0xx_hal_pcd.o
                0x0000000008001b38                HAL_PCD_Start
 *fill*         0x0000000008001b82        0x2 
 .text.HAL_PCD_IRQHandler
                0x0000000008001b84      0x22c ./Drivers/STM32G0xx_HAL_Driver/Src/stm32g0xx_hal_pcd.o
                0x0000000008001b84                HAL_PCD_IRQHandler
 .text.HAL_PCD_SetAddress
                0x0000000008001db0       0x54 ./Drivers/STM32G0xx_HAL_Driver/Src/stm32g0xx_hal_pcd.o
                0x0000000008001db0                HAL_PCD_SetAddress
 .text.HAL_PCD_EP_Open
                0x0000000008001e04       0xe2 ./Drivers/STM32G0xx_HAL_Driver/Src/stm32g0xx_hal_pcd.o
                0x0000000008001e04                HAL_PCD_EP_Open
 .text.HAL_PCD_EP_Close
                0x0000000008001ee6       0xa6 ./Drivers/STM32G0xx_HAL_Driver/Src/stm32g0xx_hal_pcd.o
                0x0000000008001ee6                HAL_PCD_EP_Close
 .text.HAL_PCD_EP_Receive
                0x0000000008001f8c       0x70 ./Drivers/STM32G0xx_HAL_Driver/Src/stm32g0xx_hal_pcd.o
                0x0000000008001f8c                HAL_PCD_EP_Receive
 .text.HAL_PCD_EP_GetRxCount
                0x0000000008001ffc       0x32 ./Drivers/STM32G0xx_HAL_Driver/Src/stm32g0xx_hal_pcd.o
                0x0000000008001ffc                HAL_PCD_EP_GetRxCount
 .text.HAL_PCD_EP_Transmit
                0x000000000800202e       0x7a ./Drivers/STM32G0xx_HAL_Driver/Src/stm32g0xx_hal_pcd.o
                0x000000000800202e                HAL_PCD_EP_Transmit
 .text.HAL_PCD_EP_SetStall
                0x00000000080020a8       0xbc ./Drivers/STM32G0xx_HAL_Driver/Src/stm32g0xx_hal_pcd.o
                0x00000000080020a8                HAL_PCD_EP_SetStall
 .text.HAL_PCD_EP_ClrStall
                0x0000000008002164       0xc0 ./Drivers/STM32G0xx_HAL_Driver/Src/stm32g0xx_hal_pcd.o
                0x0000000008002164                HAL_PCD_EP_ClrStall
 .text.PCD_EP_ISR_Handler
                0x0000000008002224      0x6ec ./Drivers/STM32G0xx_HAL_Driver/Src/stm32g0xx_hal_pcd.o
 .text.HAL_PCD_EP_DB_Receive
                0x0000000008002910      0x1d8 ./Drivers/STM32G0xx_HAL_Driver/Src/stm32g0xx_hal_pcd.o
 .text.HAL_PCD_EP_DB_Transmit
                0x0000000008002ae8      0x798 ./Drivers/STM32G0xx_HAL_Driver/Src/stm32g0xx_hal_pcd.o
 .text.HAL_PCDEx_PMAConfig
                0x0000000008003280       0xa0 ./Drivers/STM32G0xx_HAL_Driver/Src/stm32g0xx_hal_pcd_ex.o
                0x0000000008003280                HAL_PCDEx_PMAConfig
 .text.HAL_PCDEx_ActivateLPM
                0x0000000008003320       0x44 ./Drivers/STM32G0xx_HAL_Driver/Src/stm32g0xx_hal_pcd_ex.o
                0x0000000008003320                HAL_PCDEx_ActivateLPM
 .text.HAL_PWREx_ControlVoltageScaling
                0x0000000008003364       0x80 ./Drivers/STM32G0xx_HAL_Driver/Src/stm32g0xx_hal_pwr_ex.o
                0x0000000008003364                HAL_PWREx_ControlVoltageScaling
 .text.LL_RCC_GetAPB1Prescaler
                0x00000000080033e4       0x18 ./Drivers/STM32G0xx_HAL_Driver/Src/stm32g0xx_hal_rcc.o
 .text.HAL_RCC_OscConfig
                0x00000000080033fc      0x634 ./Drivers/STM32G0xx_HAL_Driver/Src/stm32g0xx_hal_rcc.o
                0x00000000080033fc                HAL_RCC_OscConfig
 .text.HAL_RCC_ClockConfig
                0x0000000008003a30      0x210 ./Drivers/STM32G0xx_HAL_Driver/Src/stm32g0xx_hal_rcc.o
                0x0000000008003a30                HAL_RCC_ClockConfig
 .text.HAL_RCC_GetSysClockFreq
                0x0000000008003c40      0x104 ./Drivers/STM32G0xx_HAL_Driver/Src/stm32g0xx_hal_rcc.o
                0x0000000008003c40                HAL_RCC_GetSysClockFreq
 .text.HAL_RCC_GetHCLKFreq
                0x0000000008003d44       0x14 ./Drivers/STM32G0xx_HAL_Driver/Src/stm32g0xx_hal_rcc.o
                0x0000000008003d44                HAL_RCC_GetHCLKFreq
 .text.HAL_RCC_GetPCLK1Freq
                0x0000000008003d58       0x2c ./Drivers/STM32G0xx_HAL_Driver/Src/stm32g0xx_hal_rcc.o
                0x0000000008003d58                HAL_RCC_GetPCLK1Freq
 .text.HAL_RCCEx_PeriphCLKConfig
                0x0000000008003d84      0x310 ./Drivers/STM32G0xx_HAL_Driver/Src/stm32g0xx_hal_rcc_ex.o
                0x0000000008003d84                HAL_RCCEx_PeriphCLKConfig
 .text.HAL_SPI_Init
                0x0000000008004094      0x170 ./Drivers/STM32G0xx_HAL_Driver/Src/stm32g0xx_hal_spi.o
                0x0000000008004094                HAL_SPI_Init
 .text.HAL_TIM_Base_Init
                0x0000000008004204       0xb0 ./Drivers/STM32G0xx_HAL_Driver/Src/stm32g0xx_hal_tim.o
                0x0000000008004204                HAL_TIM_Base_Init
 .text.HAL_TIM_PWM_Init
                0x00000000080042b4       0xb0 ./Drivers/STM32G0xx_HAL_Driver/Src/stm32g0xx_hal_tim.o
                0x00000000080042b4                HAL_TIM_PWM_Init
 .text.HAL_TIM_PWM_MspInit
                0x0000000008004364       0x10 ./Drivers/STM32G0xx_HAL_Driver/Src/stm32g0xx_hal_tim.o
                0x0000000008004364                HAL_TIM_PWM_MspInit
 .text.HAL_TIM_PWM_ConfigChannel
                0x0000000008004374      0x200 ./Drivers/STM32G0xx_HAL_Driver/Src/stm32g0xx_hal_tim.o
                0x0000000008004374                HAL_TIM_PWM_ConfigChannel
 .text.HAL_TIM_ConfigClockSource
                0x0000000008004574      0x1ac ./Drivers/STM32G0xx_HAL_Driver/Src/stm32g0xx_hal_tim.o
                0x0000000008004574                HAL_TIM_ConfigClockSource
 .text.TIM_Base_SetConfig
                0x0000000008004720      0x11c ./Drivers/STM32G0xx_HAL_Driver/Src/stm32g0xx_hal_tim.o
                0x0000000008004720                TIM_Base_SetConfig
 .text.TIM_OC1_SetConfig
                0x000000000800483c      0x114 ./Drivers/STM32G0xx_HAL_Driver/Src/stm32g0xx_hal_tim.o
 .text.TIM_OC2_SetConfig
                0x0000000008004950      0x108 ./Drivers/STM32G0xx_HAL_Driver/Src/stm32g0xx_hal_tim.o
                0x0000000008004950                TIM_OC2_SetConfig
 .text.TIM_OC3_SetConfig
                0x0000000008004a58      0x110 ./Drivers/STM32G0xx_HAL_Driver/Src/stm32g0xx_hal_tim.o
 .text.TIM_OC4_SetConfig
                0x0000000008004b68       0xd4 ./Drivers/STM32G0xx_HAL_Driver/Src/stm32g0xx_hal_tim.o
 .text.TIM_OC5_SetConfig
                0x0000000008004c3c       0xc0 ./Drivers/STM32G0xx_HAL_Driver/Src/stm32g0xx_hal_tim.o
 .text.TIM_OC6_SetConfig
                0x0000000008004cfc       0xc8 ./Drivers/STM32G0xx_HAL_Driver/Src/stm32g0xx_hal_tim.o
 .text.TIM_TI1_ConfigInputStage
                0x0000000008004dc4       0x5c ./Drivers/STM32G0xx_HAL_Driver/Src/stm32g0xx_hal_tim.o
 .text.TIM_TI2_ConfigInputStage
                0x0000000008004e20       0x64 ./Drivers/STM32G0xx_HAL_Driver/Src/stm32g0xx_hal_tim.o
 .text.TIM_ITRx_SetConfig
                0x0000000008004e84       0x38 ./Drivers/STM32G0xx_HAL_Driver/Src/stm32g0xx_hal_tim.o
 .text.TIM_ETR_SetConfig
                0x0000000008004ebc       0x40 ./Drivers/STM32G0xx_HAL_Driver/Src/stm32g0xx_hal_tim.o
                0x0000000008004ebc                TIM_ETR_SetConfig
 .text.HAL_TIMEx_MasterConfigSynchronization
                0x0000000008004efc       0xe0 ./Drivers/STM32G0xx_HAL_Driver/Src/stm32g0xx_hal_tim_ex.o
                0x0000000008004efc                HAL_TIMEx_MasterConfigSynchronization
 .text.HAL_TIMEx_ConfigBreakDeadTime
                0x0000000008004fdc      0x138 ./Drivers/STM32G0xx_HAL_Driver/Src/stm32g0xx_hal_tim_ex.o
                0x0000000008004fdc                HAL_TIMEx_ConfigBreakDeadTime
 .text.HAL_UART_Init
                0x0000000008005114       0xac ./Drivers/STM32G0xx_HAL_Driver/Src/stm32g0xx_hal_uart.o
                0x0000000008005114                HAL_UART_Init
 .text.UART_SetConfig
                0x00000000080051c0      0x3c4 ./Drivers/STM32G0xx_HAL_Driver/Src/stm32g0xx_hal_uart.o
                0x00000000080051c0                UART_SetConfig
 .text.UART_AdvFeatureConfig
                0x0000000008005584      0x168 ./Drivers/STM32G0xx_HAL_Driver/Src/stm32g0xx_hal_uart.o
                0x0000000008005584                UART_AdvFeatureConfig
 .text.UART_CheckIdleState
                0x00000000080056ec      0x154 ./Drivers/STM32G0xx_HAL_Driver/Src/stm32g0xx_hal_uart.o
                0x00000000080056ec                UART_CheckIdleState
 .text.UART_WaitOnFlagUntilTimeout
                0x0000000008005840       0xde ./Drivers/STM32G0xx_HAL_Driver/Src/stm32g0xx_hal_uart.o
                0x0000000008005840                UART_WaitOnFlagUntilTimeout
 *fill*         0x000000000800591e        0x2 
 .text.UART_EndRxTransfer
                0x0000000008005920       0xcc ./Drivers/STM32G0xx_HAL_Driver/Src/stm32g0xx_hal_uart.o
 .text.HAL_UARTEx_DisableFifoMode
                0x00000000080059ec       0x74 ./Drivers/STM32G0xx_HAL_Driver/Src/stm32g0xx_hal_uart_ex.o
                0x00000000080059ec                HAL_UARTEx_DisableFifoMode
 .text.HAL_UARTEx_SetTxFifoThreshold
                0x0000000008005a60       0x7e ./Drivers/STM32G0xx_HAL_Driver/Src/stm32g0xx_hal_uart_ex.o
                0x0000000008005a60                HAL_UARTEx_SetTxFifoThreshold
 *fill*         0x0000000008005ade        0x2 
 .text.HAL_UARTEx_SetRxFifoThreshold
                0x0000000008005ae0       0x84 ./Drivers/STM32G0xx_HAL_Driver/Src/stm32g0xx_hal_uart_ex.o
                0x0000000008005ae0                HAL_UARTEx_SetRxFifoThreshold
 .text.UARTEx_SetNbDataToProcess
                0x0000000008005b64       0xbc ./Drivers/STM32G0xx_HAL_Driver/Src/stm32g0xx_hal_uart_ex.o
 .text.USB_EnableGlobalInt
                0x0000000008005c20       0x28 ./Drivers/STM32G0xx_HAL_Driver/Src/stm32g0xx_ll_usb.o
                0x0000000008005c20                USB_EnableGlobalInt
 .text.USB_DisableGlobalInt
                0x0000000008005c48       0x28 ./Drivers/STM32G0xx_HAL_Driver/Src/stm32g0xx_ll_usb.o
                0x0000000008005c48                USB_DisableGlobalInt
 .text.USB_SetCurrentMode
                0x0000000008005c70       0x4a ./Drivers/STM32G0xx_HAL_Driver/Src/stm32g0xx_ll_usb.o
                0x0000000008005c70                USB_SetCurrentMode
 .text.USB_DevInit
                0x0000000008005cba       0x56 ./Drivers/STM32G0xx_HAL_Driver/Src/stm32g0xx_ll_usb.o
                0x0000000008005cba                USB_DevInit
 .text.USB_ActivateEndpoint
                0x0000000008005d10      0x668 ./Drivers/STM32G0xx_HAL_Driver/Src/stm32g0xx_ll_usb.o
                0x0000000008005d10                USB_ActivateEndpoint
 .text.USB_DeactivateEndpoint
                0x0000000008006378      0x2cc ./Drivers/STM32G0xx_HAL_Driver/Src/stm32g0xx_ll_usb.o
                0x0000000008006378                USB_DeactivateEndpoint
 .text.USB_EPStartXfer
                0x0000000008006644     0x102c ./Drivers/STM32G0xx_HAL_Driver/Src/stm32g0xx_ll_usb.o
                0x0000000008006644                USB_EPStartXfer
 .text.USB_EPSetStall
                0x0000000008007670       0x84 ./Drivers/STM32G0xx_HAL_Driver/Src/stm32g0xx_ll_usb.o
                0x0000000008007670                USB_EPSetStall
 .text.USB_EPClearStall
                0x00000000080076f4      0x124 ./Drivers/STM32G0xx_HAL_Driver/Src/stm32g0xx_ll_usb.o
                0x00000000080076f4                USB_EPClearStall
 .text.USB_SetDevAddress
                0x0000000008007818       0x26 ./Drivers/STM32G0xx_HAL_Driver/Src/stm32g0xx_ll_usb.o
                0x0000000008007818                USB_SetDevAddress
 .text.USB_DevConnect
                0x000000000800783e       0x20 ./Drivers/STM32G0xx_HAL_Driver/Src/stm32g0xx_ll_usb.o
                0x000000000800783e                USB_DevConnect
 .text.USB_ReadInterrupts
                0x000000000800785e       0x18 ./Drivers/STM32G0xx_HAL_Driver/Src/stm32g0xx_ll_usb.o
                0x000000000800785e                USB_ReadInterrupts
 *fill*         0x0000000008007876        0x2 
 .text.USB_WritePMA
                0x0000000008007878       0xec ./Drivers/STM32G0xx_HAL_Driver/Src/stm32g0xx_ll_usb.o
                0x0000000008007878                USB_WritePMA
 .text.USB_ReadPMA
                0x0000000008007964      0x120 ./Drivers/STM32G0xx_HAL_Driver/Src/stm32g0xx_ll_usb.o
                0x0000000008007964                USB_ReadPMA
 .text.USBD_CDC_Init
                0x0000000008007a84      0x220 ./Middlewares/ST/STM32_USB_Device_Library/Class/CDC/Src/usbd_cdc.o
 .text.USBD_CDC_DeInit
                0x0000000008007ca4      0x120 ./Middlewares/ST/STM32_USB_Device_Library/Class/CDC/Src/usbd_cdc.o
 .text.USBD_CDC_Setup
                0x0000000008007dc4      0x1f0 ./Middlewares/ST/STM32_USB_Device_Library/Class/CDC/Src/usbd_cdc.o
 .text.USBD_CDC_DataIn
                0x0000000008007fb4      0x11e ./Middlewares/ST/STM32_USB_Device_Library/Class/CDC/Src/usbd_cdc.o
 .text.USBD_CDC_DataOut
                0x00000000080080d2       0x86 ./Middlewares/ST/STM32_USB_Device_Library/Class/CDC/Src/usbd_cdc.o
 .text.USBD_CDC_EP0_RxReady
                0x0000000008008158       0x8c ./Middlewares/ST/STM32_USB_Device_Library/Class/CDC/Src/usbd_cdc.o
 .text.USBD_CDC_GetFSCfgDesc
                0x00000000080081e4       0x90 ./Middlewares/ST/STM32_USB_Device_Library/Class/CDC/Src/usbd_cdc.o
 .text.USBD_CDC_GetHSCfgDesc
                0x0000000008008274       0x90 ./Middlewares/ST/STM32_USB_Device_Library/Class/CDC/Src/usbd_cdc.o
 .text.USBD_CDC_GetOtherSpeedCfgDesc
                0x0000000008008304       0x90 ./Middlewares/ST/STM32_USB_Device_Library/Class/CDC/Src/usbd_cdc.o
 .text.USBD_CDC_GetDeviceQualifierDescriptor
                0x0000000008008394       0x1c ./Middlewares/ST/STM32_USB_Device_Library/Class/CDC/Src/usbd_cdc.o
                0x0000000008008394                USBD_CDC_GetDeviceQualifierDescriptor
 .text.USBD_CDC_RegisterInterface
                0x00000000080083b0       0x34 ./Middlewares/ST/STM32_USB_Device_Library/Class/CDC/Src/usbd_cdc.o
                0x00000000080083b0                USBD_CDC_RegisterInterface
 .text.USBD_CDC_SetTxBuffer
                0x00000000080083e4       0x46 ./Middlewares/ST/STM32_USB_Device_Library/Class/CDC/Src/usbd_cdc.o
                0x00000000080083e4                USBD_CDC_SetTxBuffer
 .text.USBD_CDC_SetRxBuffer
                0x000000000800842a       0x3a ./Middlewares/ST/STM32_USB_Device_Library/Class/CDC/Src/usbd_cdc.o
                0x000000000800842a                USBD_CDC_SetRxBuffer
 .text.USBD_CDC_TransmitPacket
                0x0000000008008464       0x9c ./Middlewares/ST/STM32_USB_Device_Library/Class/CDC/Src/usbd_cdc.o
                0x0000000008008464                USBD_CDC_TransmitPacket
 .text.USBD_CDC_ReceivePacket
                0x0000000008008500       0x74 ./Middlewares/ST/STM32_USB_Device_Library/Class/CDC/Src/usbd_cdc.o
                0x0000000008008500                USBD_CDC_ReceivePacket
 .text.USBD_Init
                0x0000000008008574       0x74 ./Middlewares/ST/STM32_USB_Device_Library/Core/Src/usbd_core.o
                0x0000000008008574                USBD_Init
 .text.USBD_RegisterClass
                0x00000000080085e8       0x7c ./Middlewares/ST/STM32_USB_Device_Library/Core/Src/usbd_core.o
                0x00000000080085e8                USBD_RegisterClass
 .text.USBD_Start
                0x0000000008008664       0x1a ./Middlewares/ST/STM32_USB_Device_Library/Core/Src/usbd_core.o
                0x0000000008008664                USBD_Start
 .text.USBD_RunTestMode
                0x000000000800867e       0x12 ./Middlewares/ST/STM32_USB_Device_Library/Core/Src/usbd_core.o
                0x000000000800867e                USBD_RunTestMode
 .text.USBD_SetClassConfig
                0x0000000008008690       0x4a ./Middlewares/ST/STM32_USB_Device_Library/Core/Src/usbd_core.o
                0x0000000008008690                USBD_SetClassConfig
 .text.USBD_ClrClassConfig
                0x00000000080086da       0x42 ./Middlewares/ST/STM32_USB_Device_Library/Core/Src/usbd_core.o
                0x00000000080086da                USBD_ClrClassConfig
 .text.USBD_LL_SetupStage
                0x000000000800871c       0xd4 ./Middlewares/ST/STM32_USB_Device_Library/Core/Src/usbd_core.o
                0x000000000800871c                USBD_LL_SetupStage
 .text.USBD_LL_DataOutStage
                0x00000000080087f0      0x1d0 ./Middlewares/ST/STM32_USB_Device_Library/Core/Src/usbd_core.o
                0x00000000080087f0                USBD_LL_DataOutStage
 .text.USBD_LL_DataInStage
                0x00000000080089c0      0x1b0 ./Middlewares/ST/STM32_USB_Device_Library/Core/Src/usbd_core.o
                0x00000000080089c0                USBD_LL_DataInStage
 .text.USBD_LL_Reset
                0x0000000008008b70       0xbe ./Middlewares/ST/STM32_USB_Device_Library/Core/Src/usbd_core.o
                0x0000000008008b70                USBD_LL_Reset
 .text.USBD_LL_SetSpeed
                0x0000000008008c2e       0x20 ./Middlewares/ST/STM32_USB_Device_Library/Core/Src/usbd_core.o
                0x0000000008008c2e                USBD_LL_SetSpeed
 *fill*         0x0000000008008c4e        0x2 
 .text.USBD_LL_Suspend
                0x0000000008008c50       0x30 ./Middlewares/ST/STM32_USB_Device_Library/Core/Src/usbd_core.o
                0x0000000008008c50                USBD_LL_Suspend
 .text.USBD_LL_Resume
                0x0000000008008c80       0x34 ./Middlewares/ST/STM32_USB_Device_Library/Core/Src/usbd_core.o
                0x0000000008008c80                USBD_LL_Resume
 .text.USBD_LL_SOF
                0x0000000008008cb4       0x4a ./Middlewares/ST/STM32_USB_Device_Library/Core/Src/usbd_core.o
                0x0000000008008cb4                USBD_LL_SOF
 .text.USBD_CoreFindIF
                0x0000000008008cfe       0x18 ./Middlewares/ST/STM32_USB_Device_Library/Core/Src/usbd_core.o
                0x0000000008008cfe                USBD_CoreFindIF
 .text.USBD_CoreFindEP
                0x0000000008008d16       0x18 ./Middlewares/ST/STM32_USB_Device_Library/Core/Src/usbd_core.o
                0x0000000008008d16                USBD_CoreFindEP
 .text.USBD_GetEpDesc
                0x0000000008008d2e       0x90 ./Middlewares/ST/STM32_USB_Device_Library/Core/Src/usbd_core.o
                0x0000000008008d2e                USBD_GetEpDesc
 .text.USBD_GetNextDesc
                0x0000000008008dbe       0x36 ./Middlewares/ST/STM32_USB_Device_Library/Core/Src/usbd_core.o
                0x0000000008008dbe                USBD_GetNextDesc
 .text.SWAPBYTE
                0x0000000008008df4       0x4a ./Middlewares/ST/STM32_USB_Device_Library/Core/Src/usbd_ctlreq.o
 *fill*         0x0000000008008e3e        0x2 
 .text.USBD_StdDevReq
                0x0000000008008e40       0xfc ./Middlewares/ST/STM32_USB_Device_Library/Core/Src/usbd_ctlreq.o
                0x0000000008008e40                USBD_StdDevReq
 .text.USBD_StdItfReq
                0x0000000008008f3c      0x11a ./Middlewares/ST/STM32_USB_Device_Library/Core/Src/usbd_ctlreq.o
                0x0000000008008f3c                USBD_StdItfReq
 .text.USBD_StdEPReq
                0x0000000008009056      0x40a ./Middlewares/ST/STM32_USB_Device_Library/Core/Src/usbd_ctlreq.o
                0x0000000008009056                USBD_StdEPReq
 .text.USBD_GetDescriptor
                0x0000000008009460      0x3b4 ./Middlewares/ST/STM32_USB_Device_Library/Core/Src/usbd_ctlreq.o
 .text.USBD_SetAddress
                0x0000000008009814       0xac ./Middlewares/ST/STM32_USB_Device_Library/Core/Src/usbd_ctlreq.o
 .text.USBD_SetConfig
                0x00000000080098c0      0x19c ./Middlewares/ST/STM32_USB_Device_Library/Core/Src/usbd_ctlreq.o
 .text.USBD_GetConfig
                0x0000000008009a5c       0x78 ./Middlewares/ST/STM32_USB_Device_Library/Core/Src/usbd_ctlreq.o
 .text.USBD_GetStatus
                0x0000000008009ad4       0x76 ./Middlewares/ST/STM32_USB_Device_Library/Core/Src/usbd_ctlreq.o
 .text.USBD_SetFeature
                0x0000000008009b4a       0x5e ./Middlewares/ST/STM32_USB_Device_Library/Core/Src/usbd_ctlreq.o
 .text.USBD_ClrFeature
                0x0000000008009ba8       0x4e ./Middlewares/ST/STM32_USB_Device_Library/Core/Src/usbd_ctlreq.o
 .text.USBD_ParseSetupRequest
                0x0000000008009bf6       0x7a ./Middlewares/ST/STM32_USB_Device_Library/Core/Src/usbd_ctlreq.o
                0x0000000008009bf6                USBD_ParseSetupRequest
 .text.USBD_CtlError
                0x0000000008009c70       0x26 ./Middlewares/ST/STM32_USB_Device_Library/Core/Src/usbd_ctlreq.o
                0x0000000008009c70                USBD_CtlError
 .text.USBD_GetString
                0x0000000008009c96       0xac ./Middlewares/ST/STM32_USB_Device_Library/Core/Src/usbd_ctlreq.o
                0x0000000008009c96                USBD_GetString
 .text.USBD_GetLen
                0x0000000008009d42       0x3e ./Middlewares/ST/STM32_USB_Device_Library/Core/Src/usbd_ctlreq.o
 .text.USBD_CtlSendData
                0x0000000008009d80       0x38 ./Middlewares/ST/STM32_USB_Device_Library/Core/Src/usbd_ioreq.o
                0x0000000008009d80                USBD_CtlSendData
 .text.USBD_CtlContinueSendData
                0x0000000008009db8       0x22 ./Middlewares/ST/STM32_USB_Device_Library/Core/Src/usbd_ioreq.o
                0x0000000008009db8                USBD_CtlContinueSendData
 .text.USBD_CtlPrepareRx
                0x0000000008009dda       0x40 ./Middlewares/ST/STM32_USB_Device_Library/Core/Src/usbd_ioreq.o
                0x0000000008009dda                USBD_CtlPrepareRx
 .text.USBD_CtlContinueRx
                0x0000000008009e1a       0x22 ./Middlewares/ST/STM32_USB_Device_Library/Core/Src/usbd_ioreq.o
                0x0000000008009e1a                USBD_CtlContinueRx
 .text.USBD_CtlSendStatus
                0x0000000008009e3c       0x28 ./Middlewares/ST/STM32_USB_Device_Library/Core/Src/usbd_ioreq.o
                0x0000000008009e3c                USBD_CtlSendStatus
 .text.USBD_CtlReceiveStatus
                0x0000000008009e64       0x28 ./Middlewares/ST/STM32_USB_Device_Library/Core/Src/usbd_ioreq.o
                0x0000000008009e64                USBD_CtlReceiveStatus
 .text.MX_USB_Device_Init
                0x0000000008009e8c       0x68 ./USB_Device/App/usb_device.o
                0x0000000008009e8c                MX_USB_Device_Init
 .text.CDC_Init_FS
                0x0000000008009ef4       0x30 ./USB_Device/App/usbd_cdc_if.o
 .text.CDC_DeInit_FS
                0x0000000008009f24        0xc ./USB_Device/App/usbd_cdc_if.o
 .text.CDC_Control_FS
                0x0000000008009f30       0x38 ./USB_Device/App/usbd_cdc_if.o
 .text.CDC_Receive_FS
                0x0000000008009f68       0x2c ./USB_Device/App/usbd_cdc_if.o
 .text.CDC_Transmit_FS
                0x0000000008009f94       0x60 ./USB_Device/App/usbd_cdc_if.o
                0x0000000008009f94                CDC_Transmit_FS
 .text.CDC_TransmitCplt_FS
                0x0000000008009ff4       0x24 ./USB_Device/App/usbd_cdc_if.o
 .text.USBD_CDC_DeviceDescriptor
                0x000000000800a018       0x24 ./USB_Device/App/usbd_desc.o
                0x000000000800a018                USBD_CDC_DeviceDescriptor
 .text.USBD_CDC_LangIDStrDescriptor
                0x000000000800a03c       0x24 ./USB_Device/App/usbd_desc.o
                0x000000000800a03c                USBD_CDC_LangIDStrDescriptor
 .text.USBD_CDC_ProductStrDescriptor
                0x000000000800a060       0x44 ./USB_Device/App/usbd_desc.o
                0x000000000800a060                USBD_CDC_ProductStrDescriptor
 .text.USBD_CDC_ManufacturerStrDescriptor
                0x000000000800a0a4       0x2c ./USB_Device/App/usbd_desc.o
                0x000000000800a0a4                USBD_CDC_ManufacturerStrDescriptor
 .text.USBD_CDC_SerialStrDescriptor
                0x000000000800a0d0       0x28 ./USB_Device/App/usbd_desc.o
                0x000000000800a0d0                USBD_CDC_SerialStrDescriptor
 .text.USBD_CDC_ConfigStrDescriptor
                0x000000000800a0f8       0x44 ./USB_Device/App/usbd_desc.o
                0x000000000800a0f8                USBD_CDC_ConfigStrDescriptor
 .text.USBD_CDC_InterfaceStrDescriptor
                0x000000000800a13c       0x44 ./USB_Device/App/usbd_desc.o
                0x000000000800a13c                USBD_CDC_InterfaceStrDescriptor
 .text.Get_SerialNum
                0x000000000800a180       0x5c ./USB_Device/App/usbd_desc.o
 .text.IntToUnicode
                0x000000000800a1dc       0x96 ./USB_Device/App/usbd_desc.o
 *fill*         0x000000000800a272        0x2 
 .text.HAL_PCD_MspInit
                0x000000000800a274       0x80 ./USB_Device/Target/usbd_conf.o
                0x000000000800a274                HAL_PCD_MspInit
 .text.HAL_PCD_SetupStageCallback
                0x000000000800a2f4       0x2a ./USB_Device/Target/usbd_conf.o
                0x000000000800a2f4                HAL_PCD_SetupStageCallback
 .text.HAL_PCD_DataOutStageCallback
                0x000000000800a31e       0x42 ./USB_Device/Target/usbd_conf.o
                0x000000000800a31e                HAL_PCD_DataOutStageCallback
 .text.HAL_PCD_DataInStageCallback
                0x000000000800a360       0x3c ./USB_Device/Target/usbd_conf.o
                0x000000000800a360                HAL_PCD_DataInStageCallback
 .text.HAL_PCD_SOFCallback
                0x000000000800a39c       0x1e ./USB_Device/Target/usbd_conf.o
                0x000000000800a39c                HAL_PCD_SOFCallback
 .text.HAL_PCD_ResetCallback
                0x000000000800a3ba       0x48 ./USB_Device/Target/usbd_conf.o
                0x000000000800a3ba                HAL_PCD_ResetCallback
 *fill*         0x000000000800a402        0x2 
 .text.HAL_PCD_SuspendCallback
                0x000000000800a404       0x38 ./USB_Device/Target/usbd_conf.o
                0x000000000800a404                HAL_PCD_SuspendCallback
 .text.HAL_PCD_ResumeCallback
                0x000000000800a43c       0x3c ./USB_Device/Target/usbd_conf.o
                0x000000000800a43c                HAL_PCD_ResumeCallback
 .text.USBD_LL_Init
                0x000000000800a478       0xe4 ./USB_Device/Target/usbd_conf.o
                0x000000000800a478                USBD_LL_Init
 .text.USBD_LL_Start
                0x000000000800a55c       0x4a ./USB_Device/Target/usbd_conf.o
                0x000000000800a55c                USBD_LL_Start
 .text.USBD_LL_OpenEP
                0x000000000800a5a6       0x6e ./USB_Device/Target/usbd_conf.o
                0x000000000800a5a6                USBD_LL_OpenEP
 .text.USBD_LL_CloseEP
                0x000000000800a614       0x56 ./USB_Device/Target/usbd_conf.o
                0x000000000800a614                USBD_LL_CloseEP
 .text.USBD_LL_StallEP
                0x000000000800a66a       0x56 ./USB_Device/Target/usbd_conf.o
                0x000000000800a66a                USBD_LL_StallEP
 .text.USBD_LL_ClearStallEP
                0x000000000800a6c0       0x56 ./USB_Device/Target/usbd_conf.o
                0x000000000800a6c0                USBD_LL_ClearStallEP
 .text.USBD_LL_IsStallEP
                0x000000000800a716       0x60 ./USB_Device/Target/usbd_conf.o
                0x000000000800a716                USBD_LL_IsStallEP
 .text.USBD_LL_SetUSBAddress
                0x000000000800a776       0x56 ./USB_Device/Target/usbd_conf.o
                0x000000000800a776                USBD_LL_SetUSBAddress
 .text.USBD_LL_Transmit
                0x000000000800a7cc       0x60 ./USB_Device/Target/usbd_conf.o
                0x000000000800a7cc                USBD_LL_Transmit
 .text.USBD_LL_PrepareReceive
                0x000000000800a82c       0x60 ./USB_Device/Target/usbd_conf.o
                0x000000000800a82c                USBD_LL_PrepareReceive
 .text.USBD_LL_GetRxDataSize
                0x000000000800a88c       0x2c ./USB_Device/Target/usbd_conf.o
                0x000000000800a88c                USBD_LL_GetRxDataSize
 .text.HAL_PCDEx_LPM_Callback
                0x000000000800a8b8       0x74 ./USB_Device/Target/usbd_conf.o
                0x000000000800a8b8                HAL_PCDEx_LPM_Callback
 .text.USBD_static_malloc
                0x000000000800a92c       0x18 ./USB_Device/Target/usbd_conf.o
                0x000000000800a92c                USBD_static_malloc
 .text.USBD_static_free
                0x000000000800a944       0x10 ./USB_Device/Target/usbd_conf.o
                0x000000000800a944                USBD_static_free
 .text.SystemClockConfig_Resume
                0x000000000800a954        0xe ./USB_Device/Target/usbd_conf.o
 .text.USBD_Get_USB_Status
                0x000000000800a962       0x6e ./USB_Device/Target/usbd_conf.o
 .text.memset   0x000000000800a9d0       0x10 C:/ST/STM32CubeIDE_1.14.0/STM32CubeIDE/plugins/com.st.stm32cube.ide.mcu.externaltools.gnu-tools-for-stm32.11.3.rel1.win32_1.1.100.202309141235/tools/bin/../lib/gcc/arm-none-eabi/11.3.1/../../../../arm-none-eabi/lib/thumb/v6-m/nofp\libc_nano.a(libc_a-memset.o)
                0x000000000800a9d0                memset
 .text.__libc_init_array
                0x000000000800a9e0       0x48 C:/ST/STM32CubeIDE_1.14.0/STM32CubeIDE/plugins/com.st.stm32cube.ide.mcu.externaltools.gnu-tools-for-stm32.11.3.rel1.win32_1.1.100.202309141235/tools/bin/../lib/gcc/arm-none-eabi/11.3.1/../../../../arm-none-eabi/lib/thumb/v6-m/nofp\libc_nano.a(libc_a-init.o)
                0x000000000800a9e0                __libc_init_array
 *(.glue_7)
 .glue_7        0x000000000800aa28        0x0 linker stubs
 *(.glue_7t)
 .glue_7t       0x000000000800aa28        0x0 linker stubs
 *(.eh_frame)
 .eh_frame      0x000000000800aa28        0x0 C:/ST/STM32CubeIDE_1.14.0/STM32CubeIDE/plugins/com.st.stm32cube.ide.mcu.externaltools.gnu-tools-for-stm32.11.3.rel1.win32_1.1.100.202309141235/tools/bin/../lib/gcc/arm-none-eabi/11.3.1/thumb/v6-m/nofp/crtbegin.o
 *(.init)
 .init          0x000000000800aa28        0x4 C:/ST/STM32CubeIDE_1.14.0/STM32CubeIDE/plugins/com.st.stm32cube.ide.mcu.externaltools.gnu-tools-for-stm32.11.3.rel1.win32_1.1.100.202309141235/tools/bin/../lib/gcc/arm-none-eabi/11.3.1/thumb/v6-m/nofp/crti.o
                0x000000000800aa28                _init
 .init          0x000000000800aa2c        0x8 C:/ST/STM32CubeIDE_1.14.0/STM32CubeIDE/plugins/com.st.stm32cube.ide.mcu.externaltools.gnu-tools-for-stm32.11.3.rel1.win32_1.1.100.202309141235/tools/bin/../lib/gcc/arm-none-eabi/11.3.1/thumb/v6-m/nofp/crtn.o
 *(.fini)
 .fini          0x000000000800aa34        0x4 C:/ST/STM32CubeIDE_1.14.0/STM32CubeIDE/plugins/com.st.stm32cube.ide.mcu.externaltools.gnu-tools-for-stm32.11.3.rel1.win32_1.1.100.202309141235/tools/bin/../lib/gcc/arm-none-eabi/11.3.1/thumb/v6-m/nofp/crti.o
                0x000000000800aa34                _fini
 .fini          0x000000000800aa38        0x8 C:/ST/STM32CubeIDE_1.14.0/STM32CubeIDE/plugins/com.st.stm32cube.ide.mcu.externaltools.gnu-tools-for-stm32.11.3.rel1.win32_1.1.100.202309141235/tools/bin/../lib/gcc/arm-none-eabi/11.3.1/thumb/v6-m/nofp/crtn.o
                0x000000000800aa40                . = ALIGN (0x4)
                0x000000000800aa40                _etext = .

.vfp11_veneer   0x000000000800aa40        0x0
 .vfp11_veneer  0x000000000800aa40        0x0 linker stubs

.v4_bx          0x000000000800aa40        0x0
 .v4_bx         0x000000000800aa40        0x0 linker stubs

.iplt           0x000000000800aa40        0x0
 .iplt          0x000000000800aa40        0x0 C:/ST/STM32CubeIDE_1.14.0/STM32CubeIDE/plugins/com.st.stm32cube.ide.mcu.externaltools.gnu-tools-for-stm32.11.3.rel1.win32_1.1.100.202309141235/tools/bin/../lib/gcc/arm-none-eabi/11.3.1/thumb/v6-m/nofp/crtbegin.o

.rodata         0x000000000800aa40      0x24c
                0x000000000800aa40                . = ALIGN (0x4)
 *(.rodata)
 .rodata        0x000000000800aa40       0x1a ./Core/Src/main.o
 *fill*         0x000000000800aa5a        0x2 
 .rodata        0x000000000800aa5c       0x42 ./USB_Device/App/usbd_desc.o
 *(.rodata*)
 *fill*         0x000000000800aa9e        0x2 
 .rodata.AHBPrescTable
                0x000000000800aaa0       0x40 ./Core/Src/system_stm32g0xx.o
                0x000000000800aaa0                AHBPrescTable
 .rodata.APBPrescTable
                0x000000000800aae0       0x20 ./Core/Src/system_stm32g0xx.o
                0x000000000800aae0                APBPrescTable
 .rodata.HAL_TIM_PWM_ConfigChannel
                0x000000000800ab00       0x54 ./Drivers/STM32G0xx_HAL_Driver/Src/stm32g0xx_hal_tim.o
 .rodata.UARTPrescTable
                0x000000000800ab54       0x18 ./Drivers/STM32G0xx_HAL_Driver/Src/stm32g0xx_hal_uart.o
                0x000000000800ab54                UARTPrescTable
 .rodata.numerator.1
                0x000000000800ab6c        0x8 ./Drivers/STM32G0xx_HAL_Driver/Src/stm32g0xx_hal_uart_ex.o
 .rodata.denominator.0
                0x000000000800ab74        0x8 ./Drivers/STM32G0xx_HAL_Driver/Src/stm32g0xx_hal_uart_ex.o
 .rodata.USBD_StdDevReq
                0x000000000800ab7c       0x28 ./Middlewares/ST/STM32_USB_Device_Library/Core/Src/usbd_ctlreq.o
 .rodata.USBD_GetDescriptor
                0x000000000800aba4       0x58 ./Middlewares/ST/STM32_USB_Device_Library/Core/Src/usbd_ctlreq.o
 .rodata.CDC_Control_FS
                0x000000000800abfc       0x90 ./USB_Device/App/usbd_cdc_if.o
                0x000000000800ac8c                . = ALIGN (0x4)

.rel.dyn        0x000000000800ac8c        0x0
 .rel.iplt      0x000000000800ac8c        0x0 C:/ST/STM32CubeIDE_1.14.0/STM32CubeIDE/plugins/com.st.stm32cube.ide.mcu.externaltools.gnu-tools-for-stm32.11.3.rel1.win32_1.1.100.202309141235/tools/bin/../lib/gcc/arm-none-eabi/11.3.1/thumb/v6-m/nofp/crtbegin.o

.ARM.extab      0x000000000800ac8c        0x0
                0x000000000800ac8c                . = ALIGN (0x4)
 *(.ARM.extab* .gnu.linkonce.armextab.*)
                0x000000000800ac8c                . = ALIGN (0x4)

.ARM            0x000000000800ac8c        0x0
                0x000000000800ac8c                . = ALIGN (0x4)
                0x000000000800ac8c                __exidx_start = .
 *(.ARM.exidx*)
                0x000000000800ac8c                __exidx_end = .
                0x000000000800ac8c                . = ALIGN (0x4)

.preinit_array  0x000000000800ac8c        0x0
                0x000000000800ac8c                . = ALIGN (0x4)
                0x000000000800ac8c                PROVIDE (__preinit_array_start = .)
 *(.preinit_array*)
                0x000000000800ac8c                PROVIDE (__preinit_array_end = .)
                0x000000000800ac8c                . = ALIGN (0x4)

.init_array     0x000000000800ac8c        0x4
                0x000000000800ac8c                . = ALIGN (0x4)
                0x000000000800ac8c                PROVIDE (__init_array_start = .)
 *(SORT_BY_NAME(.init_array.*))
 *(.init_array*)
 .init_array    0x000000000800ac8c        0x4 C:/ST/STM32CubeIDE_1.14.0/STM32CubeIDE/plugins/com.st.stm32cube.ide.mcu.externaltools.gnu-tools-for-stm32.11.3.rel1.win32_1.1.100.202309141235/tools/bin/../lib/gcc/arm-none-eabi/11.3.1/thumb/v6-m/nofp/crtbegin.o
                0x000000000800ac90                PROVIDE (__init_array_end = .)
                0x000000000800ac90                . = ALIGN (0x4)

.fini_array     0x000000000800ac90        0x4
                0x000000000800ac90                . = ALIGN (0x4)
                [!provide]                        PROVIDE (__fini_array_start = .)
 *(SORT_BY_NAME(.fini_array.*))
 *(.fini_array*)
 .fini_array    0x000000000800ac90        0x4 C:/ST/STM32CubeIDE_1.14.0/STM32CubeIDE/plugins/com.st.stm32cube.ide.mcu.externaltools.gnu-tools-for-stm32.11.3.rel1.win32_1.1.100.202309141235/tools/bin/../lib/gcc/arm-none-eabi/11.3.1/thumb/v6-m/nofp/crtbegin.o
                [!provide]                        PROVIDE (__fini_array_end = .)
                0x000000000800ac94                . = ALIGN (0x4)
                0x000000000800ac94                _sidata = LOADADDR (.data)

.data           0x0000000020000000      0x104 load address 0x000000000800ac94
                0x0000000020000000                . = ALIGN (0x4)
                0x0000000020000000                _sdata = .
 *(.data)
 *(.data*)
 .data.data     0x0000000020000000        0x4 ./Core/Src/main.o
                0x0000000020000000                data
 .data.SystemCoreClock
                0x0000000020000004        0x4 ./Core/Src/system_stm32g0xx.o
                0x0000000020000004                SystemCoreClock
 .data.uwTickPrio
                0x0000000020000008        0x4 ./Drivers/STM32G0xx_HAL_Driver/Src/stm32g0xx_hal.o
                0x0000000020000008                uwTickPrio
 .data.uwTickFreq
                0x000000002000000c        0x1 ./Drivers/STM32G0xx_HAL_Driver/Src/stm32g0xx_hal.o
                0x000000002000000c                uwTickFreq
 *fill*         0x000000002000000d        0x3 
 .data.USBD_CDC_DeviceQualifierDesc
                0x0000000020000010        0xa ./Middlewares/ST/STM32_USB_Device_Library/Class/CDC/Src/usbd_cdc.o
 *fill*         0x000000002000001a        0x2 
 .data.USBD_CDC
                0x000000002000001c       0x38 ./Middlewares/ST/STM32_USB_Device_Library/Class/CDC/Src/usbd_cdc.o
                0x000000002000001c                USBD_CDC
 .data.USBD_CDC_CfgDesc
                0x0000000020000054       0x43 ./Middlewares/ST/STM32_USB_Device_Library/Class/CDC/Src/usbd_cdc.o
 .data.CDCInEpAdd
                0x0000000020000097        0x1 ./Middlewares/ST/STM32_USB_Device_Library/Class/CDC/Src/usbd_cdc.o
 .data.CDCOutEpAdd
                0x0000000020000098        0x1 ./Middlewares/ST/STM32_USB_Device_Library/Class/CDC/Src/usbd_cdc.o
 .data.CDCCmdEpAdd
                0x0000000020000099        0x1 ./Middlewares/ST/STM32_USB_Device_Library/Class/CDC/Src/usbd_cdc.o
 *fill*         0x000000002000009a        0x2 
 .data.USBD_Interface_fops_FS
                0x000000002000009c       0x14 ./USB_Device/App/usbd_cdc_if.o
                0x000000002000009c                USBD_Interface_fops_FS
 .data.CDC_Desc
                0x00000000200000b0       0x20 ./USB_Device/App/usbd_desc.o
                0x00000000200000b0                CDC_Desc
 .data.USBD_CDC_DeviceDesc
                0x00000000200000d0       0x12 ./USB_Device/App/usbd_desc.o
                0x00000000200000d0                USBD_CDC_DeviceDesc
 *fill*         0x00000000200000e2        0x2 
 .data.USBD_LangIDDesc
                0x00000000200000e4        0x4 ./USB_Device/App/usbd_desc.o
                0x00000000200000e4                USBD_LangIDDesc
 .data.USBD_StringSerial
                0x00000000200000e8       0x1a ./USB_Device/App/usbd_desc.o
                0x00000000200000e8                USBD_StringSerial
 *(.RamFunc)
 *(.RamFunc*)
                0x0000000020000104                . = ALIGN (0x4)
 *fill*         0x0000000020000102        0x2 
                0x0000000020000104                _edata = .

.igot.plt       0x0000000020000104        0x0 load address 0x000000000800ad98
 .igot.plt      0x0000000020000104        0x0 C:/ST/STM32CubeIDE_1.14.0/STM32CubeIDE/plugins/com.st.stm32cube.ide.mcu.externaltools.gnu-tools-for-stm32.11.3.rel1.win32_1.1.100.202309141235/tools/bin/../lib/gcc/arm-none-eabi/11.3.1/thumb/v6-m/nofp/crtbegin.o
                0x0000000020000104                . = ALIGN (0x4)

.bss            0x0000000020000104     0x1c64 load address 0x000000000800ad98
                0x0000000020000104                _sbss = .
                0x0000000020000104                __bss_start__ = _sbss
 *(.bss)
 .bss           0x0000000020000104       0x1c C:/ST/STM32CubeIDE_1.14.0/STM32CubeIDE/plugins/com.st.stm32cube.ide.mcu.externaltools.gnu-tools-for-stm32.11.3.rel1.win32_1.1.100.202309141235/tools/bin/../lib/gcc/arm-none-eabi/11.3.1/thumb/v6-m/nofp/crtbegin.o
 *(.bss*)
 .bss.hspi1     0x0000000020000120       0x64 ./Core/Src/main.o
                0x0000000020000120                hspi1
 .bss.hdma_spi1_rx
                0x0000000020000184       0x60 ./Core/Src/main.o
                0x0000000020000184                hdma_spi1_rx
 .bss.hdma_spi1_tx
                0x00000000200001e4       0x60 ./Core/Src/main.o
                0x00000000200001e4                hdma_spi1_tx
 .bss.htim1     0x0000000020000244       0x4c ./Core/Src/main.o
                0x0000000020000244                htim1
 .bss.hdma_tim1_ch1
                0x0000000020000290       0x60 ./Core/Src/main.o
                0x0000000020000290                hdma_tim1_ch1
 .bss.huart1    0x00000000200002f0       0x94 ./Core/Src/main.o
                0x00000000200002f0                huart1
 .bss.uwTick    0x0000000020000384        0x4 ./Drivers/STM32G0xx_HAL_Driver/Src/stm32g0xx_hal.o
                0x0000000020000384                uwTick
 .bss.cfgidx.0  0x0000000020000388        0x1 ./Middlewares/ST/STM32_USB_Device_Library/Core/Src/usbd_ctlreq.o
 *fill*         0x0000000020000389        0x3 
 .bss.hUsbDeviceFS
                0x000000002000038c      0x2dc ./USB_Device/App/usb_device.o
                0x000000002000038c                hUsbDeviceFS
 .bss.UserRxBufferFS
                0x0000000020000668      0x800 ./USB_Device/App/usbd_cdc_if.o
                0x0000000020000668                UserRxBufferFS
 .bss.UserTxBufferFS
                0x0000000020000e68      0x800 ./USB_Device/App/usbd_cdc_if.o
                0x0000000020000e68                UserTxBufferFS
 .bss.USBD_StrDesc
                0x0000000020001668      0x200 ./USB_Device/App/usbd_desc.o
                0x0000000020001668                USBD_StrDesc
 .bss.hpcd_USB_DRD_FS
                0x0000000020001868      0x2e0 ./USB_Device/Target/usbd_conf.o
                0x0000000020001868                hpcd_USB_DRD_FS
 .bss.mem.0     0x0000000020001b48      0x220 ./USB_Device/Target/usbd_conf.o
 *(COMMON)
                0x0000000020001d68                . = ALIGN (0x4)
                0x0000000020001d68                _ebss = .
                0x0000000020001d68                __bss_end__ = _ebss

._user_heap_stack
                0x0000000020001d68      0x600 load address 0x000000000800ad98
                0x0000000020001d68                . = ALIGN (0x8)
                [!provide]                        PROVIDE (end = .)
                0x0000000020001d68                PROVIDE (_end = .)
                0x0000000020001f68                . = (. + _Min_Heap_Size)
 *fill*         0x0000000020001d68      0x200 
                0x0000000020002368                . = (. + _Min_Stack_Size)
 *fill*         0x0000000020001f68      0x400 
                0x0000000020002368                . = ALIGN (0x8)

/DISCARD/
 libc.a(*)
 libm.a(*)
 libgcc.a(*)

.ARM.attributes
                0x0000000000000000       0x28
 *(.ARM.attributes)
 .ARM.attributes
                0x0000000000000000       0x1e C:/ST/STM32CubeIDE_1.14.0/STM32CubeIDE/plugins/com.st.stm32cube.ide.mcu.externaltools.gnu-tools-for-stm32.11.3.rel1.win32_1.1.100.202309141235/tools/bin/../lib/gcc/arm-none-eabi/11.3.1/thumb/v6-m/nofp/crti.o
 .ARM.attributes
                0x000000000000001e       0x2c C:/ST/STM32CubeIDE_1.14.0/STM32CubeIDE/plugins/com.st.stm32cube.ide.mcu.externaltools.gnu-tools-for-stm32.11.3.rel1.win32_1.1.100.202309141235/tools/bin/../lib/gcc/arm-none-eabi/11.3.1/thumb/v6-m/nofp/crtbegin.o
 .ARM.attributes
                0x000000000000004a       0x2c ./Core/Src/main.o
 .ARM.attributes
                0x0000000000000076       0x2c ./Core/Src/stm32g0xx_hal_msp.o
 .ARM.attributes
                0x00000000000000a2       0x2c ./Core/Src/stm32g0xx_it.o
 .ARM.attributes
                0x00000000000000ce       0x2c ./Core/Src/system_stm32g0xx.o
 .ARM.attributes
                0x00000000000000fa       0x22 ./Core/Startup/startup_stm32g0b0retx.o
 .ARM.attributes
                0x000000000000011c       0x2c ./Drivers/STM32G0xx_HAL_Driver/Src/stm32g0xx_hal.o
 .ARM.attributes
                0x0000000000000148       0x2c ./Drivers/STM32G0xx_HAL_Driver/Src/stm32g0xx_hal_cortex.o
 .ARM.attributes
                0x0000000000000174       0x2c ./Drivers/STM32G0xx_HAL_Driver/Src/stm32g0xx_hal_dma.o
 .ARM.attributes
                0x00000000000001a0       0x2c ./Drivers/STM32G0xx_HAL_Driver/Src/stm32g0xx_hal_gpio.o
 .ARM.attributes
                0x00000000000001cc       0x2c ./Drivers/STM32G0xx_HAL_Driver/Src/stm32g0xx_hal_pcd.o
 .ARM.attributes
                0x00000000000001f8       0x2c ./Drivers/STM32G0xx_HAL_Driver/Src/stm32g0xx_hal_pcd_ex.o
 .ARM.attributes
                0x0000000000000224       0x2c ./Drivers/STM32G0xx_HAL_Driver/Src/stm32g0xx_hal_pwr_ex.o
 .ARM.attributes
                0x0000000000000250       0x2c ./Drivers/STM32G0xx_HAL_Driver/Src/stm32g0xx_hal_rcc.o
 .ARM.attributes
                0x000000000000027c       0x2c ./Drivers/STM32G0xx_HAL_Driver/Src/stm32g0xx_hal_rcc_ex.o
 .ARM.attributes
                0x00000000000002a8       0x2c ./Drivers/STM32G0xx_HAL_Driver/Src/stm32g0xx_hal_spi.o
 .ARM.attributes
                0x00000000000002d4       0x2c ./Drivers/STM32G0xx_HAL_Driver/Src/stm32g0xx_hal_tim.o
 .ARM.attributes
                0x0000000000000300       0x2c ./Drivers/STM32G0xx_HAL_Driver/Src/stm32g0xx_hal_tim_ex.o
 .ARM.attributes
                0x000000000000032c       0x2c ./Drivers/STM32G0xx_HAL_Driver/Src/stm32g0xx_hal_uart.o
 .ARM.attributes
                0x0000000000000358       0x2c ./Drivers/STM32G0xx_HAL_Driver/Src/stm32g0xx_hal_uart_ex.o
 .ARM.attributes
                0x0000000000000384       0x2c ./Drivers/STM32G0xx_HAL_Driver/Src/stm32g0xx_ll_usb.o
 .ARM.attributes
                0x00000000000003b0       0x2c ./Middlewares/ST/STM32_USB_Device_Library/Class/CDC/Src/usbd_cdc.o
 .ARM.attributes
                0x00000000000003dc       0x2c ./Middlewares/ST/STM32_USB_Device_Library/Core/Src/usbd_core.o
 .ARM.attributes
                0x0000000000000408       0x2c ./Middlewares/ST/STM32_USB_Device_Library/Core/Src/usbd_ctlreq.o
 .ARM.attributes
                0x0000000000000434       0x2c ./Middlewares/ST/STM32_USB_Device_Library/Core/Src/usbd_ioreq.o
 .ARM.attributes
                0x0000000000000460       0x2c ./USB_Device/App/usb_device.o
 .ARM.attributes
                0x000000000000048c       0x2c ./USB_Device/App/usbd_cdc_if.o
 .ARM.attributes
                0x00000000000004b8       0x2c ./USB_Device/App/usbd_desc.o
 .ARM.attributes
                0x00000000000004e4       0x2c ./USB_Device/Target/usbd_conf.o
 .ARM.attributes
                0x0000000000000510       0x2c C:/ST/STM32CubeIDE_1.14.0/STM32CubeIDE/plugins/com.st.stm32cube.ide.mcu.externaltools.gnu-tools-for-stm32.11.3.rel1.win32_1.1.100.202309141235/tools/bin/../lib/gcc/arm-none-eabi/11.3.1/../../../../arm-none-eabi/lib/thumb/v6-m/nofp\libc_nano.a(libc_a-memset.o)
 .ARM.attributes
                0x000000000000053c       0x2c C:/ST/STM32CubeIDE_1.14.0/STM32CubeIDE/plugins/com.st.stm32cube.ide.mcu.externaltools.gnu-tools-for-stm32.11.3.rel1.win32_1.1.100.202309141235/tools/bin/../lib/gcc/arm-none-eabi/11.3.1/../../../../arm-none-eabi/lib/thumb/v6-m/nofp\libc_nano.a(libc_a-init.o)
 .ARM.attributes
                0x0000000000000568       0x1c C:/ST/STM32CubeIDE_1.14.0/STM32CubeIDE/plugins/com.st.stm32cube.ide.mcu.externaltools.gnu-tools-for-stm32.11.3.rel1.win32_1.1.100.202309141235/tools/bin/../lib/gcc/arm-none-eabi/11.3.1/../../../../arm-none-eabi/lib/thumb/v6-m/nofp\libc_nano.a(libc_a-strlen.o)
 .ARM.attributes
                0x0000000000000584       0x1e C:/ST/STM32CubeIDE_1.14.0/STM32CubeIDE/plugins/com.st.stm32cube.ide.mcu.externaltools.gnu-tools-for-stm32.11.3.rel1.win32_1.1.100.202309141235/tools/bin/../lib/gcc/arm-none-eabi/11.3.1/thumb/v6-m/nofp\libgcc.a(_udivsi3.o)
 .ARM.attributes
                0x00000000000005a2       0x1e C:/ST/STM32CubeIDE_1.14.0/STM32CubeIDE/plugins/com.st.stm32cube.ide.mcu.externaltools.gnu-tools-for-stm32.11.3.rel1.win32_1.1.100.202309141235/tools/bin/../lib/gcc/arm-none-eabi/11.3.1/thumb/v6-m/nofp\libgcc.a(_divsi3.o)
 .ARM.attributes
                0x00000000000005c0       0x1e C:/ST/STM32CubeIDE_1.14.0/STM32CubeIDE/plugins/com.st.stm32cube.ide.mcu.externaltools.gnu-tools-for-stm32.11.3.rel1.win32_1.1.100.202309141235/tools/bin/../lib/gcc/arm-none-eabi/11.3.1/thumb/v6-m/nofp\libgcc.a(_dvmd_tls.o)
 .ARM.attributes
                0x00000000000005de       0x1e C:/ST/STM32CubeIDE_1.14.0/STM32CubeIDE/plugins/com.st.stm32cube.ide.mcu.externaltools.gnu-tools-for-stm32.11.3.rel1.win32_1.1.100.202309141235/tools/bin/../lib/gcc/arm-none-eabi/11.3.1/thumb/v6-m/nofp/crtn.o
OUTPUT(STM32 LED Controller.elf elf32-littlearm)
LOAD linker stubs
LOAD C:/ST/STM32CubeIDE_1.14.0/STM32CubeIDE/plugins/com.st.stm32cube.ide.mcu.externaltools.gnu-tools-for-stm32.11.3.rel1.win32_1.1.100.202309141235/tools/bin/../lib/gcc/arm-none-eabi/11.3.1/../../../../arm-none-eabi/lib/thumb/v6-m/nofp\libc.a
LOAD C:/ST/STM32CubeIDE_1.14.0/STM32CubeIDE/plugins/com.st.stm32cube.ide.mcu.externaltools.gnu-tools-for-stm32.11.3.rel1.win32_1.1.100.202309141235/tools/bin/../lib/gcc/arm-none-eabi/11.3.1/../../../../arm-none-eabi/lib/thumb/v6-m/nofp\libm.a
LOAD C:/ST/STM32CubeIDE_1.14.0/STM32CubeIDE/plugins/com.st.stm32cube.ide.mcu.externaltools.gnu-tools-for-stm32.11.3.rel1.win32_1.1.100.202309141235/tools/bin/../lib/gcc/arm-none-eabi/11.3.1/thumb/v6-m/nofp\libgcc.a

.comment        0x0000000000000000       0x43
 .comment       0x0000000000000000       0x43 C:/ST/STM32CubeIDE_1.14.0/STM32CubeIDE/plugins/com.st.stm32cube.ide.mcu.externaltools.gnu-tools-for-stm32.11.3.rel1.win32_1.1.100.202309141235/tools/bin/../lib/gcc/arm-none-eabi/11.3.1/thumb/v6-m/nofp/crtbegin.o
                                         0x44 (size before relaxing)
 .comment       0x0000000000000043       0x44 ./Core/Src/main.o
 .comment       0x0000000000000043       0x44 ./Core/Src/stm32g0xx_hal_msp.o
 .comment       0x0000000000000043       0x44 ./Core/Src/stm32g0xx_it.o
 .comment       0x0000000000000043       0x44 ./Core/Src/system_stm32g0xx.o
 .comment       0x0000000000000043       0x44 ./Drivers/STM32G0xx_HAL_Driver/Src/stm32g0xx_hal.o
 .comment       0x0000000000000043       0x44 ./Drivers/STM32G0xx_HAL_Driver/Src/stm32g0xx_hal_cortex.o
 .comment       0x0000000000000043       0x44 ./Drivers/STM32G0xx_HAL_Driver/Src/stm32g0xx_hal_dma.o
 .comment       0x0000000000000043       0x44 ./Drivers/STM32G0xx_HAL_Driver/Src/stm32g0xx_hal_gpio.o
 .comment       0x0000000000000043       0x44 ./Drivers/STM32G0xx_HAL_Driver/Src/stm32g0xx_hal_pcd.o
 .comment       0x0000000000000043       0x44 ./Drivers/STM32G0xx_HAL_Driver/Src/stm32g0xx_hal_pcd_ex.o
 .comment       0x0000000000000043       0x44 ./Drivers/STM32G0xx_HAL_Driver/Src/stm32g0xx_hal_pwr_ex.o
 .comment       0x0000000000000043       0x44 ./Drivers/STM32G0xx_HAL_Driver/Src/stm32g0xx_hal_rcc.o
 .comment       0x0000000000000043       0x44 ./Drivers/STM32G0xx_HAL_Driver/Src/stm32g0xx_hal_rcc_ex.o
 .comment       0x0000000000000043       0x44 ./Drivers/STM32G0xx_HAL_Driver/Src/stm32g0xx_hal_spi.o
 .comment       0x0000000000000043       0x44 ./Drivers/STM32G0xx_HAL_Driver/Src/stm32g0xx_hal_tim.o
 .comment       0x0000000000000043       0x44 ./Drivers/STM32G0xx_HAL_Driver/Src/stm32g0xx_hal_tim_ex.o
 .comment       0x0000000000000043       0x44 ./Drivers/STM32G0xx_HAL_Driver/Src/stm32g0xx_hal_uart.o
 .comment       0x0000000000000043       0x44 ./Drivers/STM32G0xx_HAL_Driver/Src/stm32g0xx_hal_uart_ex.o
 .comment       0x0000000000000043       0x44 ./Drivers/STM32G0xx_HAL_Driver/Src/stm32g0xx_ll_usb.o
 .comment       0x0000000000000043       0x44 ./Middlewares/ST/STM32_USB_Device_Library/Class/CDC/Src/usbd_cdc.o
 .comment       0x0000000000000043       0x44 ./Middlewares/ST/STM32_USB_Device_Library/Core/Src/usbd_core.o
 .comment       0x0000000000000043       0x44 ./Middlewares/ST/STM32_USB_Device_Library/Core/Src/usbd_ctlreq.o
 .comment       0x0000000000000043       0x44 ./Middlewares/ST/STM32_USB_Device_Library/Core/Src/usbd_ioreq.o
 .comment       0x0000000000000043       0x44 ./USB_Device/App/usb_device.o
 .comment       0x0000000000000043       0x44 ./USB_Device/App/usbd_cdc_if.o
 .comment       0x0000000000000043       0x44 ./USB_Device/App/usbd_desc.o
 .comment       0x0000000000000043       0x44 ./USB_Device/Target/usbd_conf.o

.debug_info     0x0000000000000000    0x1be45
 .debug_info    0x0000000000000000     0x1978 ./Core/Src/main.o
 .debug_info    0x0000000000001978     0x13e3 ./Core/Src/stm32g0xx_hal_msp.o
 .debug_info    0x0000000000002d5b      0x946 ./Core/Src/stm32g0xx_it.o
 .debug_info    0x00000000000036a1      0x316 ./Core/Src/system_stm32g0xx.o
 .debug_info    0x00000000000039b7       0x23 ./Core/Startup/startup_stm32g0b0retx.o
 .debug_info    0x00000000000039da      0x983 ./Drivers/STM32G0xx_HAL_Driver/Src/stm32g0xx_hal.o
 .debug_info    0x000000000000435d      0x8c7 ./Drivers/STM32G0xx_HAL_Driver/Src/stm32g0xx_hal_cortex.o
 .debug_info    0x0000000000004c24      0x87d ./Drivers/STM32G0xx_HAL_Driver/Src/stm32g0xx_hal_dma.o
 .debug_info    0x00000000000054a1      0x5d4 ./Drivers/STM32G0xx_HAL_Driver/Src/stm32g0xx_hal_gpio.o
 .debug_info    0x0000000000005a75     0x1502 ./Drivers/STM32G0xx_HAL_Driver/Src/stm32g0xx_hal_pcd.o
 .debug_info    0x0000000000006f77      0x7e7 ./Drivers/STM32G0xx_HAL_Driver/Src/stm32g0xx_hal_pcd_ex.o
 .debug_info    0x000000000000775e      0x4b5 ./Drivers/STM32G0xx_HAL_Driver/Src/stm32g0xx_hal_pwr_ex.o
 .debug_info    0x0000000000007c13      0xb1c ./Drivers/STM32G0xx_HAL_Driver/Src/stm32g0xx_hal_rcc.o
 .debug_info    0x000000000000872f      0x767 ./Drivers/STM32G0xx_HAL_Driver/Src/stm32g0xx_hal_rcc_ex.o
 .debug_info    0x0000000000008e96     0x1761 ./Drivers/STM32G0xx_HAL_Driver/Src/stm32g0xx_hal_spi.o
 .debug_info    0x000000000000a5f7     0x2be7 ./Drivers/STM32G0xx_HAL_Driver/Src/stm32g0xx_hal_tim.o
 .debug_info    0x000000000000d1de     0x18f8 ./Drivers/STM32G0xx_HAL_Driver/Src/stm32g0xx_hal_tim_ex.o
 .debug_info    0x000000000000ead6     0x487c ./Drivers/STM32G0xx_HAL_Driver/Src/stm32g0xx_hal_uart.o
 .debug_info    0x0000000000013352      0xfd5 ./Drivers/STM32G0xx_HAL_Driver/Src/stm32g0xx_hal_uart_ex.o
 .debug_info    0x0000000000014327     0x1931 ./Drivers/STM32G0xx_HAL_Driver/Src/stm32g0xx_ll_usb.o
 .debug_info    0x0000000000015c58     0x1289 ./Middlewares/ST/STM32_USB_Device_Library/Class/CDC/Src/usbd_cdc.o
 .debug_info    0x0000000000016ee1      0xe3e ./Middlewares/ST/STM32_USB_Device_Library/Core/Src/usbd_core.o
 .debug_info    0x0000000000017d1f      0xb17 ./Middlewares/ST/STM32_USB_Device_Library/Core/Src/usbd_ctlreq.o
 .debug_info    0x0000000000018836      0x78e ./Middlewares/ST/STM32_USB_Device_Library/Core/Src/usbd_ioreq.o
 .debug_info    0x0000000000018fc4      0x73a ./USB_Device/App/usb_device.o
 .debug_info    0x00000000000196fe      0x933 ./USB_Device/App/usbd_cdc_if.o
 .debug_info    0x000000000001a031      0x489 ./USB_Device/App/usbd_desc.o
 .debug_info    0x000000000001a4ba     0x198b ./USB_Device/Target/usbd_conf.o

.debug_abbrev   0x0000000000000000     0x415b
 .debug_abbrev  0x0000000000000000      0x311 ./Core/Src/main.o
 .debug_abbrev  0x0000000000000311      0x23d ./Core/Src/stm32g0xx_hal_msp.o
 .debug_abbrev  0x000000000000054e      0x1c5 ./Core/Src/stm32g0xx_it.o
 .debug_abbrev  0x0000000000000713      0x119 ./Core/Src/system_stm32g0xx.o
 .debug_abbrev  0x000000000000082c       0x12 ./Core/Startup/startup_stm32g0b0retx.o
 .debug_abbrev  0x000000000000083e      0x2b4 ./Drivers/STM32G0xx_HAL_Driver/Src/stm32g0xx_hal.o
 .debug_abbrev  0x0000000000000af2      0x2ab ./Drivers/STM32G0xx_HAL_Driver/Src/stm32g0xx_hal_cortex.o
 .debug_abbrev  0x0000000000000d9d      0x1e1 ./Drivers/STM32G0xx_HAL_Driver/Src/stm32g0xx_hal_dma.o
 .debug_abbrev  0x0000000000000f7e      0x1c3 ./Drivers/STM32G0xx_HAL_Driver/Src/stm32g0xx_hal_gpio.o
 .debug_abbrev  0x0000000000001141      0x327 ./Drivers/STM32G0xx_HAL_Driver/Src/stm32g0xx_hal_pcd.o
 .debug_abbrev  0x0000000000001468      0x22e ./Drivers/STM32G0xx_HAL_Driver/Src/stm32g0xx_hal_pcd_ex.o
 .debug_abbrev  0x0000000000001696      0x1d9 ./Drivers/STM32G0xx_HAL_Driver/Src/stm32g0xx_hal_pwr_ex.o
 .debug_abbrev  0x000000000000186f      0x2aa ./Drivers/STM32G0xx_HAL_Driver/Src/stm32g0xx_hal_rcc.o
 .debug_abbrev  0x0000000000001b19      0x229 ./Drivers/STM32G0xx_HAL_Driver/Src/stm32g0xx_hal_rcc_ex.o
 .debug_abbrev  0x0000000000001d42      0x28f ./Drivers/STM32G0xx_HAL_Driver/Src/stm32g0xx_hal_spi.o
 .debug_abbrev  0x0000000000001fd1      0x29b ./Drivers/STM32G0xx_HAL_Driver/Src/stm32g0xx_hal_tim.o
 .debug_abbrev  0x000000000000226c      0x2ab ./Drivers/STM32G0xx_HAL_Driver/Src/stm32g0xx_hal_tim_ex.o
 .debug_abbrev  0x0000000000002517      0x326 ./Drivers/STM32G0xx_HAL_Driver/Src/stm32g0xx_hal_uart.o
 .debug_abbrev  0x000000000000283d      0x2e5 ./Drivers/STM32G0xx_HAL_Driver/Src/stm32g0xx_hal_uart_ex.o
 .debug_abbrev  0x0000000000002b22      0x2c1 ./Drivers/STM32G0xx_HAL_Driver/Src/stm32g0xx_ll_usb.o
 .debug_abbrev  0x0000000000002de3      0x2db ./Middlewares/ST/STM32_USB_Device_Library/Class/CDC/Src/usbd_cdc.o
 .debug_abbrev  0x00000000000030be      0x294 ./Middlewares/ST/STM32_USB_Device_Library/Core/Src/usbd_core.o
 .debug_abbrev  0x0000000000003352      0x276 ./Middlewares/ST/STM32_USB_Device_Library/Core/Src/usbd_ctlreq.o
 .debug_abbrev  0x00000000000035c8      0x1b2 ./Middlewares/ST/STM32_USB_Device_Library/Core/Src/usbd_ioreq.o
 .debug_abbrev  0x000000000000377a      0x1ad ./USB_Device/App/usb_device.o
 .debug_abbrev  0x0000000000003927      0x2b5 ./USB_Device/App/usbd_cdc_if.o
 .debug_abbrev  0x0000000000003bdc      0x228 ./USB_Device/App/usbd_desc.o
 .debug_abbrev  0x0000000000003e04      0x357 ./USB_Device/Target/usbd_conf.o

.debug_aranges  0x0000000000000000     0x1710
 .debug_aranges
                0x0000000000000000       0x58 ./Core/Src/main.o
 .debug_aranges
                0x0000000000000058       0x58 ./Core/Src/stm32g0xx_hal_msp.o
 .debug_aranges
                0x00000000000000b0       0x60 ./Core/Src/stm32g0xx_it.o
 .debug_aranges
                0x0000000000000110       0x28 ./Core/Src/system_stm32g0xx.o
 .debug_aranges
                0x0000000000000138       0x28 ./Core/Startup/startup_stm32g0b0retx.o
 .debug_aranges
                0x0000000000000160      0x108 ./Drivers/STM32G0xx_HAL_Driver/Src/stm32g0xx_hal.o
 .debug_aranges
                0x0000000000000268       0xe8 ./Drivers/STM32G0xx_HAL_Driver/Src/stm32g0xx_hal_cortex.o
 .debug_aranges
                0x0000000000000350       0x90 ./Drivers/STM32G0xx_HAL_Driver/Src/stm32g0xx_hal_dma.o
 .debug_aranges
                0x00000000000003e0       0x60 ./Drivers/STM32G0xx_HAL_Driver/Src/stm32g0xx_hal_gpio.o
 .debug_aranges
                0x0000000000000440      0x150 ./Drivers/STM32G0xx_HAL_Driver/Src/stm32g0xx_hal_pcd.o
 .debug_aranges
                0x0000000000000590       0x58 ./Drivers/STM32G0xx_HAL_Driver/Src/stm32g0xx_hal_pcd_ex.o
 .debug_aranges
                0x00000000000005e8       0xa8 ./Drivers/STM32G0xx_HAL_Driver/Src/stm32g0xx_hal_pwr_ex.o
 .debug_aranges
                0x0000000000000690       0xa0 ./Drivers/STM32G0xx_HAL_Driver/Src/stm32g0xx_hal_rcc.o
 .debug_aranges
                0x0000000000000730       0x40 ./Drivers/STM32G0xx_HAL_Driver/Src/stm32g0xx_hal_rcc_ex.o
 .debug_aranges
                0x0000000000000770      0x1d8 ./Drivers/STM32G0xx_HAL_Driver/Src/stm32g0xx_hal_spi.o
 .debug_aranges
                0x0000000000000948      0x3e0 ./Drivers/STM32G0xx_HAL_Driver/Src/stm32g0xx_hal_tim.o
 .debug_aranges
                0x0000000000000d28      0x198 ./Drivers/STM32G0xx_HAL_Driver/Src/stm32g0xx_hal_tim_ex.o
 .debug_aranges
                0x0000000000000ec0      0x248 ./Drivers/STM32G0xx_HAL_Driver/Src/stm32g0xx_hal_uart.o
 .debug_aranges
                0x0000000000001108       0xa8 ./Drivers/STM32G0xx_HAL_Driver/Src/stm32g0xx_hal_uart_ex.o
 .debug_aranges
                0x00000000000011b0      0x130 ./Drivers/STM32G0xx_HAL_Driver/Src/stm32g0xx_ll_usb.o
 .debug_aranges
                0x00000000000012e0       0x90 ./Middlewares/ST/STM32_USB_Device_Library/Class/CDC/Src/usbd_cdc.o
 .debug_aranges
                0x0000000000001370       0xd8 ./Middlewares/ST/STM32_USB_Device_Library/Core/Src/usbd_core.o
 .debug_aranges
                0x0000000000001448       0x90 ./Middlewares/ST/STM32_USB_Device_Library/Core/Src/usbd_ctlreq.o
 .debug_aranges
                0x00000000000014d8       0x50 ./Middlewares/ST/STM32_USB_Device_Library/Core/Src/usbd_ioreq.o
 .debug_aranges
                0x0000000000001528       0x20 ./USB_Device/App/usb_device.o
 .debug_aranges
                0x0000000000001548       0x48 ./USB_Device/App/usbd_cdc_if.o
 .debug_aranges
                0x0000000000001590       0x60 ./USB_Device/App/usbd_desc.o
 .debug_aranges
                0x00000000000015f0      0x120 ./USB_Device/Target/usbd_conf.o

.debug_rnglists
                0x0000000000000000     0x11ed
 .debug_rnglists
                0x0000000000000000       0x41 ./Core/Src/main.o
 .debug_rnglists
                0x0000000000000041       0x40 ./Core/Src/stm32g0xx_hal_msp.o
 .debug_rnglists
                0x0000000000000081       0x43 ./Core/Src/stm32g0xx_it.o
 .debug_rnglists
                0x00000000000000c4       0x1a ./Core/Src/system_stm32g0xx.o
 .debug_rnglists
                0x00000000000000de       0x19 ./Core/Startup/startup_stm32g0b0retx.o
 .debug_rnglists
                0x00000000000000f7       0xc2 ./Drivers/STM32G0xx_HAL_Driver/Src/stm32g0xx_hal.o
 .debug_rnglists
                0x00000000000001b9       0xaa ./Drivers/STM32G0xx_HAL_Driver/Src/stm32g0xx_hal_cortex.o
 .debug_rnglists
                0x0000000000000263       0x72 ./Drivers/STM32G0xx_HAL_Driver/Src/stm32g0xx_hal_dma.o
 .debug_rnglists
                0x00000000000002d5       0x45 ./Drivers/STM32G0xx_HAL_Driver/Src/stm32g0xx_hal_gpio.o
 .debug_rnglists
                0x000000000000031a      0x100 ./Drivers/STM32G0xx_HAL_Driver/Src/stm32g0xx_hal_pcd.o
 .debug_rnglists
                0x000000000000041a       0x3f ./Drivers/STM32G0xx_HAL_Driver/Src/stm32g0xx_hal_pcd_ex.o
 .debug_rnglists
                0x0000000000000459       0x7e ./Drivers/STM32G0xx_HAL_Driver/Src/stm32g0xx_hal_pwr_ex.o
 .debug_rnglists
                0x00000000000004d7       0x79 ./Drivers/STM32G0xx_HAL_Driver/Src/stm32g0xx_hal_rcc.o
 .debug_rnglists
                0x0000000000000550       0x30 ./Drivers/STM32G0xx_HAL_Driver/Src/stm32g0xx_hal_rcc_ex.o
 .debug_rnglists
                0x0000000000000580      0x17a ./Drivers/STM32G0xx_HAL_Driver/Src/stm32g0xx_hal_spi.o
 .debug_rnglists
                0x00000000000006fa      0x32a ./Drivers/STM32G0xx_HAL_Driver/Src/stm32g0xx_hal_tim.o
 .debug_rnglists
                0x0000000000000a24      0x14e ./Drivers/STM32G0xx_HAL_Driver/Src/stm32g0xx_hal_tim_ex.o
 .debug_rnglists
                0x0000000000000b72      0x1fb ./Drivers/STM32G0xx_HAL_Driver/Src/stm32g0xx_hal_uart.o
 .debug_rnglists
                0x0000000000000d6d       0x80 ./Drivers/STM32G0xx_HAL_Driver/Src/stm32g0xx_hal_uart_ex.o
 .debug_rnglists
                0x0000000000000ded       0xeb ./Drivers/STM32G0xx_HAL_Driver/Src/stm32g0xx_ll_usb.o
 .debug_rnglists
                0x0000000000000ed8       0x71 ./Middlewares/ST/STM32_USB_Device_Library/Class/CDC/Src/usbd_cdc.o
 .debug_rnglists
                0x0000000000000f49       0xa2 ./Middlewares/ST/STM32_USB_Device_Library/Core/Src/usbd_core.o
 .debug_rnglists
                0x0000000000000feb       0x6e ./Middlewares/ST/STM32_USB_Device_Library/Core/Src/usbd_ctlreq.o
 .debug_rnglists
                0x0000000000001059       0x37 ./Middlewares/ST/STM32_USB_Device_Library/Core/Src/usbd_ioreq.o
 .debug_rnglists
                0x0000000000001090       0x13 ./USB_Device/App/usb_device.o
 .debug_rnglists
                0x00000000000010a3       0x31 ./USB_Device/App/usbd_cdc_if.o
 .debug_rnglists
                0x00000000000010d4       0x44 ./USB_Device/App/usbd_desc.o
 .debug_rnglists
                0x0000000000001118       0xd5 ./USB_Device/Target/usbd_conf.o

.debug_macro    0x0000000000000000    0x1c751
 .debug_macro   0x0000000000000000      0x38b ./Core/Src/main.o
 .debug_macro   0x000000000000038b      0xa7e ./Core/Src/main.o
 .debug_macro   0x0000000000000e09      0x136 ./Core/Src/main.o
 .debug_macro   0x0000000000000f3f       0x2e ./Core/Src/main.o
 .debug_macro   0x0000000000000f6d       0x28 ./Core/Src/main.o
 .debug_macro   0x0000000000000f95       0x22 ./Core/Src/main.o
 .debug_macro   0x0000000000000fb7       0x8e ./Core/Src/main.o
 .debug_macro   0x0000000000001045       0x51 ./Core/Src/main.o
 .debug_macro   0x0000000000001096      0x103 ./Core/Src/main.o
 .debug_macro   0x0000000000001199       0x6a ./Core/Src/main.o
 .debug_macro   0x0000000000001203      0x1df ./Core/Src/main.o
 .debug_macro   0x00000000000013e2       0x1c ./Core/Src/main.o
 .debug_macro   0x00000000000013fe       0x22 ./Core/Src/main.o
 .debug_macro   0x0000000000001420       0xd1 ./Core/Src/main.o
 .debug_macro   0x00000000000014f1      0x4da ./Core/Src/main.o
 .debug_macro   0x00000000000019cb      0x11f ./Core/Src/main.o
 .debug_macro   0x0000000000001aea     0xcbba ./Core/Src/main.o
 .debug_macro   0x000000000000e6a4       0x66 ./Core/Src/main.o
 .debug_macro   0x000000000000e70a     0x350e ./Core/Src/main.o
 .debug_macro   0x0000000000011c18      0x174 ./Core/Src/main.o
 .debug_macro   0x0000000000011d8c       0x5c ./Core/Src/main.o
 .debug_macro   0x0000000000011de8      0x614 ./Core/Src/main.o
 .debug_macro   0x00000000000123fc     0x122c ./Core/Src/main.o
 .debug_macro   0x0000000000013628      0x202 ./Core/Src/main.o
 .debug_macro   0x000000000001382a      0x1cf ./Core/Src/main.o
 .debug_macro   0x00000000000139f9      0x1d8 ./Core/Src/main.o
 .debug_macro   0x0000000000013bd1      0x469 ./Core/Src/main.o
 .debug_macro   0x000000000001403a      0x280 ./Core/Src/main.o
 .debug_macro   0x00000000000142ba      0x3a7 ./Core/Src/main.o
 .debug_macro   0x0000000000014661      0x198 ./Core/Src/main.o
 .debug_macro   0x00000000000147f9       0x43 ./Core/Src/main.o
 .debug_macro   0x000000000001483c      0x1f1 ./Core/Src/main.o
 .debug_macro   0x0000000000014a2d      0x1e4 ./Core/Src/main.o
 .debug_macro   0x0000000000014c11      0x305 ./Core/Src/main.o
 .debug_macro   0x0000000000014f16       0x28 ./Core/Src/main.o
 .debug_macro   0x0000000000014f3e      0x10e ./Core/Src/main.o
 .debug_macro   0x000000000001504c      0x224 ./Core/Src/main.o
 .debug_macro   0x0000000000015270      0x169 ./Core/Src/main.o
 .debug_macro   0x00000000000153d9      0x131 ./Core/Src/main.o
 .debug_macro   0x000000000001550a      0x114 ./Core/Src/main.o
 .debug_macro   0x000000000001561e      0x2fe ./Core/Src/main.o
 .debug_macro   0x000000000001591c      0xad0 ./Core/Src/main.o
 .debug_macro   0x00000000000163ec      0x154 ./Core/Src/main.o
 .debug_macro   0x0000000000016540      0x693 ./Core/Src/main.o
 .debug_macro   0x0000000000016bd3       0xa6 ./Core/Src/main.o
 .debug_macro   0x0000000000016c79      0x4f2 ./Core/Src/main.o
 .debug_macro   0x000000000001716b       0x8e ./Core/Src/main.o
 .debug_macro   0x00000000000171f9       0x61 ./Core/Src/main.o
 .debug_macro   0x000000000001725a       0x24 ./Core/Src/main.o
 .debug_macro   0x000000000001727e       0x43 ./Core/Src/main.o
 .debug_macro   0x00000000000172c1       0x34 ./Core/Src/main.o
 .debug_macro   0x00000000000172f5       0x16 ./Core/Src/main.o
 .debug_macro   0x000000000001730b       0x35 ./Core/Src/main.o
 .debug_macro   0x0000000000017340      0x369 ./Core/Src/main.o
 .debug_macro   0x00000000000176a9       0x10 ./Core/Src/main.o
 .debug_macro   0x00000000000176b9       0x16 ./Core/Src/main.o
 .debug_macro   0x00000000000176cf       0x43 ./Core/Src/main.o
 .debug_macro   0x0000000000017712       0x34 ./Core/Src/main.o
 .debug_macro   0x0000000000017746       0x10 ./Core/Src/main.o
 .debug_macro   0x0000000000017756       0x58 ./Core/Src/main.o
 .debug_macro   0x00000000000177ae       0x8e ./Core/Src/main.o
 .debug_macro   0x000000000001783c       0x1c ./Core/Src/main.o
 .debug_macro   0x0000000000017858      0x177 ./Core/Src/main.o
 .debug_macro   0x00000000000179cf       0x16 ./Core/Src/main.o
 .debug_macro   0x00000000000179e5       0x16 ./Core/Src/main.o
 .debug_macro   0x00000000000179fb      0x147 ./Core/Src/main.o
 .debug_macro   0x0000000000017b42       0x16 ./Core/Src/main.o
 .debug_macro   0x0000000000017b58       0x16 ./Core/Src/main.o
 .debug_macro   0x0000000000017b6e       0x29 ./Core/Src/main.o
 .debug_macro   0x0000000000017b97       0x16 ./Core/Src/main.o
 .debug_macro   0x0000000000017bad       0x20 ./Core/Src/main.o
 .debug_macro   0x0000000000017bcd       0x5f ./Core/Src/main.o
 .debug_macro   0x0000000000017c2c      0x20f ./Core/Src/main.o
 .debug_macro   0x0000000000017e3b      0x227 ./Core/Src/stm32g0xx_hal_msp.o
 .debug_macro   0x0000000000018062      0x231 ./Core/Src/stm32g0xx_it.o
 .debug_macro   0x0000000000018293      0x218 ./Core/Src/system_stm32g0xx.o
 .debug_macro   0x00000000000184ab      0x236 ./Drivers/STM32G0xx_HAL_Driver/Src/stm32g0xx_hal.o
 .debug_macro   0x00000000000186e1      0x218 ./Drivers/STM32G0xx_HAL_Driver/Src/stm32g0xx_hal_cortex.o
 .debug_macro   0x00000000000188f9      0x218 ./Drivers/STM32G0xx_HAL_Driver/Src/stm32g0xx_hal_dma.o
 .debug_macro   0x0000000000018b11      0x21f ./Drivers/STM32G0xx_HAL_Driver/Src/stm32g0xx_hal_gpio.o
 .debug_macro   0x0000000000018d30      0x224 ./Drivers/STM32G0xx_HAL_Driver/Src/stm32g0xx_hal_pcd.o
 .debug_macro   0x0000000000018f54      0x218 ./Drivers/STM32G0xx_HAL_Driver/Src/stm32g0xx_hal_pcd_ex.o
 .debug_macro   0x000000000001916c      0x22a ./Drivers/STM32G0xx_HAL_Driver/Src/stm32g0xx_hal_pwr_ex.o
 .debug_macro   0x0000000000019396      0x25a ./Drivers/STM32G0xx_HAL_Driver/Src/stm32g0xx_hal_rcc.o
 .debug_macro   0x00000000000195f0      0x230 ./Drivers/STM32G0xx_HAL_Driver/Src/stm32g0xx_hal_rcc_ex.o
 .debug_macro   0x0000000000019820      0x220 ./Drivers/STM32G0xx_HAL_Driver/Src/stm32g0xx_hal_spi.o
 .debug_macro   0x0000000000019a40      0x220 ./Drivers/STM32G0xx_HAL_Driver/Src/stm32g0xx_hal_tim.o
 .debug_macro   0x0000000000019c60      0x21e ./Drivers/STM32G0xx_HAL_Driver/Src/stm32g0xx_hal_tim_ex.o
 .debug_macro   0x0000000000019e7e      0x243 ./Drivers/STM32G0xx_HAL_Driver/Src/stm32g0xx_hal_uart.o
 .debug_macro   0x000000000001a0c1      0x224 ./Drivers/STM32G0xx_HAL_Driver/Src/stm32g0xx_hal_uart_ex.o
 .debug_macro   0x000000000001a2e5      0x218 ./Drivers/STM32G0xx_HAL_Driver/Src/stm32g0xx_ll_usb.o
 .debug_macro   0x000000000001a4fd      0x3a7 ./Middlewares/ST/STM32_USB_Device_Library/Class/CDC/Src/usbd_cdc.o
 .debug_macro   0x000000000001a8a4       0x97 ./Middlewares/ST/STM32_USB_Device_Library/Class/CDC/Src/usbd_cdc.o
 .debug_macro   0x000000000001a93b       0xfd ./Middlewares/ST/STM32_USB_Device_Library/Class/CDC/Src/usbd_cdc.o
 .debug_macro   0x000000000001aa38       0x56 ./Middlewares/ST/STM32_USB_Device_Library/Class/CDC/Src/usbd_cdc.o
 .debug_macro   0x000000000001aa8e       0x95 ./Middlewares/ST/STM32_USB_Device_Library/Class/CDC/Src/usbd_cdc.o
 .debug_macro   0x000000000001ab23      0x38e ./Middlewares/ST/STM32_USB_Device_Library/Core/Src/usbd_core.o
 .debug_macro   0x000000000001aeb1      0x215 ./Middlewares/ST/STM32_USB_Device_Library/Core/Src/usbd_core.o
 .debug_macro   0x000000000001b0c6      0x398 ./Middlewares/ST/STM32_USB_Device_Library/Core/Src/usbd_ctlreq.o
 .debug_macro   0x000000000001b45e      0x394 ./Middlewares/ST/STM32_USB_Device_Library/Core/Src/usbd_ioreq.o
 .debug_macro   0x000000000001b7f2      0x3cd ./USB_Device/App/usb_device.o
 .debug_macro   0x000000000001bbbf       0x22 ./USB_Device/App/usb_device.o
 .debug_macro   0x000000000001bbe1       0x16 ./USB_Device/App/usb_device.o
 .debug_macro   0x000000000001bbf7      0x3b2 ./USB_Device/App/usbd_cdc_if.o
 .debug_macro   0x000000000001bfa9       0x10 ./USB_Device/App/usbd_cdc_if.o
 .debug_macro   0x000000000001bfb9      0x3cb ./USB_Device/App/usbd_desc.o
 .debug_macro   0x000000000001c384       0x1c ./USB_Device/App/usbd_desc.o
 .debug_macro   0x000000000001c3a0      0x3b1 ./USB_Device/Target/usbd_conf.o

.debug_line     0x0000000000000000    0x1e373
 .debug_line    0x0000000000000000      0xc7e ./Core/Src/main.o
 .debug_line    0x0000000000000c7e      0x98f ./Core/Src/stm32g0xx_hal_msp.o
 .debug_line    0x000000000000160d      0x8cf ./Core/Src/stm32g0xx_it.o
 .debug_line    0x0000000000001edc      0x87c ./Core/Src/system_stm32g0xx.o
 .debug_line    0x0000000000002758       0x7b ./Core/Startup/startup_stm32g0b0retx.o
 .debug_line    0x00000000000027d3      0xb4f ./Drivers/STM32G0xx_HAL_Driver/Src/stm32g0xx_hal.o
 .debug_line    0x0000000000003322      0xc61 ./Drivers/STM32G0xx_HAL_Driver/Src/stm32g0xx_hal_cortex.o
 .debug_line    0x0000000000003f83      0xf49 ./Drivers/STM32G0xx_HAL_Driver/Src/stm32g0xx_hal_dma.o
 .debug_line    0x0000000000004ecc      0xc33 ./Drivers/STM32G0xx_HAL_Driver/Src/stm32g0xx_hal_gpio.o
 .debug_line    0x0000000000005aff     0x1532 ./Drivers/STM32G0xx_HAL_Driver/Src/stm32g0xx_hal_pcd.o
 .debug_line    0x0000000000007031      0x96e ./Drivers/STM32G0xx_HAL_Driver/Src/stm32g0xx_hal_pcd_ex.o
 .debug_line    0x000000000000799f      0xa7a ./Drivers/STM32G0xx_HAL_Driver/Src/stm32g0xx_hal_pwr_ex.o
 .debug_line    0x0000000000008419      0xffe ./Drivers/STM32G0xx_HAL_Driver/Src/stm32g0xx_hal_rcc.o
 .debug_line    0x0000000000009417      0xd6d ./Drivers/STM32G0xx_HAL_Driver/Src/stm32g0xx_hal_rcc_ex.o
 .debug_line    0x000000000000a184     0x1fcf ./Drivers/STM32G0xx_HAL_Driver/Src/stm32g0xx_hal_spi.o
 .debug_line    0x000000000000c153     0x3d8a ./Drivers/STM32G0xx_HAL_Driver/Src/stm32g0xx_hal_tim.o
 .debug_line    0x000000000000fedd     0x1d24 ./Drivers/STM32G0xx_HAL_Driver/Src/stm32g0xx_hal_tim_ex.o
 .debug_line    0x0000000000011c01     0x35ad ./Drivers/STM32G0xx_HAL_Driver/Src/stm32g0xx_hal_uart.o
 .debug_line    0x00000000000151ae      0xeb9 ./Drivers/STM32G0xx_HAL_Driver/Src/stm32g0xx_hal_uart_ex.o
 .debug_line    0x0000000000016067     0x1590 ./Drivers/STM32G0xx_HAL_Driver/Src/stm32g0xx_ll_usb.o
 .debug_line    0x00000000000175f7      0xf84 ./Middlewares/ST/STM32_USB_Device_Library/Class/CDC/Src/usbd_cdc.o
 .debug_line    0x000000000001857b     0x1000 ./Middlewares/ST/STM32_USB_Device_Library/Core/Src/usbd_core.o
 .debug_line    0x000000000001957b     0x1206 ./Middlewares/ST/STM32_USB_Device_Library/Core/Src/usbd_ctlreq.o
 .debug_line    0x000000000001a781      0xb19 ./Middlewares/ST/STM32_USB_Device_Library/Core/Src/usbd_ioreq.o
 .debug_line    0x000000000001b29a      0xad5 ./USB_Device/App/usb_device.o
 .debug_line    0x000000000001bd6f      0xb36 ./USB_Device/App/usbd_cdc_if.o
 .debug_line    0x000000000001c8a5      0xb9e ./USB_Device/App/usbd_desc.o
 .debug_line    0x000000000001d443      0xf30 ./USB_Device/Target/usbd_conf.o

.debug_str      0x0000000000000000    0xaa111
 .debug_str     0x0000000000000000    0xa4425 ./Core/Src/main.o
                                      0xa4c5e (size before relaxing)
 .debug_str     0x00000000000a4425      0x21c ./Core/Src/stm32g0xx_hal_msp.o
                                      0xa045e (size before relaxing)
 .debug_str     0x00000000000a4641      0x451 ./Core/Src/stm32g0xx_it.o