../USB_Device/App/usbd_desc.c:222:11:USBD_DFU_DeviceDescriptor	0	static
../USB_Device/App/usbd_desc.c:235:11:USBD_DFU_LangIDStrDescriptor	0	static
../USB_Device/App/usbd_desc.c:365:13:IntToUnicode	20	static
../USB_Device/App/usbd_desc.c:280:11:USBD_DFU_SerialStrDescriptor	16	static
../USB_Device/App/usbd_desc.c:267:11:USBD_DFU_ManufacturerStrDescriptor	8	static
../USB_Device/App/usbd_desc.c:248:11:USBD_DFU_ProductStrDescriptor	8	static
../USB_Device/App/usbd_desc.c:302:11:USBD_DFU_ConfigStrDescriptor	8	static
../USB_Device/App/usbd_desc.c:321:11:USBD_DFU_InterfaceStrDescriptor	8	static
