../Middlewares/ST/STM32_USB_Device_Library/Class/DFU/Src/usbd_dfu.c:495:17:USBD_DFU_GetCfgDesc	0	static
../Middlewares/ST/STM32_USB_Device_Library/Class/DFU/Src/usbd_dfu.c:509:16:USBD_DFU_EP0_RxReady	0	static
../Middlewares/ST/STM32_USB_Device_Library/Class/DFU/Src/usbd_dfu.c:642:17:USBD_DFU_GetDeviceQualifierDesc	0	static
../Middlewares/ST/STM32_USB_Device_Library/Class/DFU/Src/usbd_dfu.c:659:17:USBD_DFU_GetUsrStringDesc	8	static
../Middlewares/ST/STM32_USB_Device_Library/Class/DFU/Src/usbd_dfu.c:1136:14:USBD_DFU_GetDfuFuncDesc	16	static
../Middlewares/ST/STM32_USB_Device_Library/Class/DFU/Src/usbd_dfu.c:521:17:USBD_DFU_EP0_TxReady	32	static,ignoring_inline_asm
../Middlewares/ST/STM32_USB_Device_Library/Class/DFU/Src/usbd_dfu.c:350:16:USBD_DFU_Setup	40	static
../Middlewares/ST/STM32_USB_Device_Library/Class/DFU/Src/usbd_dfu.c:316:16:USBD_DFU_DeInit	16	static
../Middlewares/ST/STM32_USB_Device_Library/Class/DFU/Src/usbd_dfu.c:267:16:USBD_DFU_Init	16	static
../Middlewares/ST/STM32_USB_Device_Library/Class/DFU/Src/usbd_dfu.c:628:16:USBD_DFU_SOF	0	static
../Middlewares/ST/STM32_USB_Device_Library/Class/DFU/Src/usbd_dfu.c:685:9:USBD_DFU_RegisterMedia	0	static
